Removed Pin From Net: NetName=GND Pin=C10-1
Removed Pin From Net: NetName=VCC Pin=C10-2
Removed Pin From Net: NetName=GND Pin=C11-1
Removed Pin From Net: NetName=3V3 Pin=C11-2
Removed Pin From Net: NetName=GND Pin=C12-2
Removed Pin From Net: NetName=3V3 Pin=C13-1
Removed Pin From Net: NetName=GND Pin=C13-2
Removed Pin From Net: NetName=GND Pin=C14-1
Removed Pin From Net: NetName=3V3 Pin=C14-2
Removed Pin From Net: NetName=GND Pin=C15-1
Removed Pin From Net: NetName=3V3 Pin=C15-2
Removed Pin From Net: NetName=GND Pin=C16-1
Removed Pin From Net: NetName=3V3 Pin=C16-2
Removed Pin From Net: NetName=GND Pin=C17-1
Removed Pin From Net: NetName=3V3 Pin=C17-2
Removed Pin From Net: NetName=3V3 Pin=R9-2
Removed Pin From Net: NetName=BOOT0 Pin=R11-1
Removed Pin From Net: NetName=GND Pin=R11-2
Removed Pin From Net: NetName=GND Pin=R12-1
Removed Pin From Net: NetName=BOOT1 Pin=R12-2
Removed Pin From Net: NetName=GND Pin=S1-1
Removed Pin From Net: NetName=GND Pin=ST-LINK1-1
Removed Pin From Net: NetName=3V3 Pin=ST-LINK1-4
Removed Pin From Net: NetName=GND Pin=U3-1
Removed Pin From Net: NetName=3V3 Pin=U3-2
Removed Pin From Net: NetName=VCC Pin=U3-3
Removed Pin From Net: NetName=Bz Pin=U4-2
Removed Pin From Net: NetName=GND Pin=U4-8
Removed Pin From Net: NetName=3V3 Pin=U4-9
Removed Pin From Net: NetName=AV2 Pin=U4-10
Removed Pin From Net: NetName=RX Pin=U4-12
Removed Pin From Net: NetName=TX Pin=U4-13
Removed Pin From Net: NetName=C4 Pin=U4-14
Removed Pin From Net: NetName=C3 Pin=U4-15
Removed Pin From Net: NetName=C2 Pin=U4-16
Removed Pin From Net: NetName=C1 Pin=U4-17
Removed Pin From Net: NetName=R4 Pin=U4-18
Removed Pin From Net: NetName=R3 Pin=U4-19
Removed Pin From Net: NetName=BOOT1 Pin=U4-20
Removed Pin From Net: NetName=SCL2 Pin=U4-21
Removed Pin From Net: NetName=SDA2 Pin=U4-22
Removed Pin From Net: NetName=GND Pin=U4-23
Removed Pin From Net: NetName=3V3 Pin=U4-24
Removed Pin From Net: NetName=R2 Pin=U4-25
Removed Pin From Net: NetName=R1 Pin=U4-26
Removed Pin From Net: NetName=SP4 Pin=U4-28
Removed Pin From Net: NetName=SP3 Pin=U4-29
Removed Pin From Net: NetName=GPS_RX Pin=U4-30
Removed Pin From Net: NetName=GPS_TX Pin=U4-31
Removed Pin From Net: NetName=GND Pin=U4-35
Removed Pin From Net: NetName=3V3 Pin=U4-36
Removed Pin From Net: NetName=SP2 Pin=U4-39
Removed Pin From Net: NetName=SP1 Pin=U4-40
Removed Pin From Net: NetName=SIV Pin=U4-41
Removed Pin From Net: NetName=SCL1 Pin=U4-42
Removed Pin From Net: NetName=SDA1 Pin=U4-43
Removed Pin From Net: NetName=BOOT0 Pin=U4-44
Removed Pin From Net: NetName=GND Pin=U4-47
Removed Pin From Net: NetName=3V3 Pin=U4-48
Removed Member From Class: ClassName=MCU Member=C10
Removed Member From Class: ClassName=MCU Member=C11
Removed Member From Class: ClassName=MCU Member=C12
Removed Member From Class: ClassName=MCU Member=C13
Removed Member From Class: ClassName=MCU Member=C14
Removed Member From Class: ClassName=MCU Member=C15
Removed Member From Class: ClassName=MCU Member=C16
Removed Member From Class: ClassName=MCU Member=C17
Removed Member From Class: ClassName=MCU Member=R9
Removed Member From Class: ClassName=MCU Member=R11
Removed Member From Class: ClassName=MCU Member=R12
Removed Member From Class: ClassName=MCU Member=S1
Removed Member From Class: ClassName=MCU Member=ST-LINK1
Removed Member From Class: ClassName=MCU Member=U4
Change Component Footprint: Designator=U3 Old Footprint=SOT229P700X180-4N New Footprint=MODULE_ZC323000
Change Component Comment : Designator=U3 Old Comment=AMS1117-3.3 New Comment=ZC323000
Change component parameters: Designator = "U3" ("U3"); Footprint = "SOT229P700X180-4N"; UniqueID = "\EGXDDECY" ("\EGXDDECY")
Change component parameters (AddParameter): Name = "Availability"; Value = "Unavailable"; VariantName = "[No Variations]"
Change component parameters (AddParameter): Name = "MF"; Value = ""; VariantName = "[No Variations]"
Change component parameters (AddParameter): Name = "MP"; Value = "ZC323000"; VariantName = "[No Variations]"
Change component parameters (AddParameter): Name = "Package"; Value = "None"; VariantName = "[No Variations]"
Change component parameters (AddParameter): Name = "Price"; Value = "None"; VariantName = "[No Variations]"
Change component parameters (AddParameter): Name = "Value"; Value = ""; VariantName = "[No Variations]"
Added Pin To Net: NetName=BOOT0 Pin=U3-1
Added Pin To Net: NetName=Bz Pin=U3-4
Added Pin To Net: NetName=AV2 Pin=U3-5
Added Pin To Net: NetName=RX Pin=U3-7
Added Pin To Net: NetName=TX Pin=U3-8
Added Pin To Net: NetName=C4 Pin=U3-9
Added Pin To Net: NetName=C3 Pin=U3-10
Added Pin To Net: NetName=C2 Pin=U3-11
Added Pin To Net: NetName=C1 Pin=U3-12
Added Pin To Net: NetName=R3 Pin=U3-13
Added Pin To Net: NetName=BOOT1 Pin=U3-14
Added Pin To Net: NetName=SCL2 Pin=U3-15
Added Pin To Net: NetName=SDA2 Pin=U3-16
Added Pin To Net: NetName=3V3 Pin=U3-18
Added Pin To Net: NetName=GND Pin=U3-19
Added Pin To Net: NetName=GND Pin=U3-20
Added Pin To Net: NetName=R2 Pin=U3-21
Added Pin To Net: NetName=R1 Pin=U3-22
Added Pin To Net: NetName=SP4 Pin=U3-24
Added Pin To Net: NetName=SP3 Pin=U3-25
Added Pin To Net: NetName=GPS_RX Pin=U3-26
Added Pin To Net: NetName=GPS_TX Pin=U3-27
Added Pin To Net: NetName=SP2 Pin=U3-31
Added Pin To Net: NetName=SP1 Pin=U3-32
Added Pin To Net: NetName=SIV Pin=U3-33
Added Pin To Net: NetName=SCL1 Pin=U3-34
Added Pin To Net: NetName=SDA1 Pin=U3-35
Added Pin To Net: NetName=GND Pin=U3-39
Added Pin To Net: NetName=3V3 Pin=U3-40
Added Pin To Net: NetName=+5 Pin=U3-38
Added Net: Name=+5
