Change Component Designator: OldDesignator=Battery NewDesignator=P4
Change Component Designator: OldDesignator=Buzzer NewDesignator=LS1
Change Component Designator: OldDesignator=GPS NewDesignator=JP7
Change Component Designator: OldDesignator=Inverter NewDesignator=P3
Change Component Designator: OldDesignator=LCD 20x04 NewDesignator=JP8
Change Component Designator: OldDesignator=PZEM004-T NewDesignator=JP1
Change Component Designator: OldDesignator=R21 NewDesignator=R22
Change Component Designator: OldDesignator=R22 NewDesignator=R23
Change Component Designator: OldDesignator=R23 NewDesignator=R24
Change Component Designator: OldDesignator=R24 NewDesignator=R25
Change Component Designator: OldDesignator=R25 NewDesignator=R26
Change Component Designator: OldDesignator=R26 NewDesignator=R27
Change Component Designator: OldDesignator=RTC NewDesignator=JP9
Change Component Designator: OldDesignator=Solar panel NewDesignator=P1
Change Component Designator: OldDesignator=Switch NewDesignator=JP2
Change Component Designator: OldDesignator=USB1 NewDesignator=JP3
Change Component Designator: OldDesignator=USB2 NewDesignator=JP4
Change Component Designator: OldDesignator=USB3 NewDesignator=JP5
Change Component Designator: OldDesignator=USB4 NewDesignator=JP6
Change Component Designator: OldDesignator=Wind turbine NewDesignator=P2
Change component parameters: Designator = "C14" ("C14"); Footprint = "C-NP-0805"; UniqueID = "\XOSOFPEL" ("\XOSOFPEL")
Change component parameters (AddParameter): Name = "LatestRevisionDate"; Value = "17-Jul-2002"; VariantName = "[No Variations]"
Change component parameters (AddParameter): Name = "LatestRevisionNote"; Value = "Re-released for DXP Platform."; VariantName = "[No Variations]"
Change component parameters (AddParameter): Name = "PackageReference"; Value = "RAD-0.3"; VariantName = "[No Variations]"
Change component parameters (AddParameter): Name = "Published"; Value = "8-Jun-2000"; VariantName = "[No Variations]"
Change component parameters (AddParameter): Name = "Publisher"; Value = "Altium Limited"; VariantName = "[No Variations]"
Change component parameters (AddParameter): Name = "Value"; Value = "0.1uF"; VariantName = "[No Variations]"
Change component parameters: Designator = "L2" ("L2"); Footprint = "INDUCTOR 12.5x12.5"; UniqueID = "\ZBUPZHTU" ("\ZBUPZHTU")
Change component parameters (AddParameter): Name = "Value"; Value = "22uH"; VariantName = "[No Variations]"
Added Component: Designator=R21(RES_ERJU1T0R00U)
Add component (AddParameter): Name = "Availability"; Value = "In Stock"; VariantName = "[No Variations]"
Add component (AddParameter): Name = "Check_prices"; Value = "https://www.snapeda.com/parts/ERJ-U1T0R00U/Panasonic/view-part/961195/?ref=eda"; VariantName = "[No Variations]"
Add component (AddParameter): Name = "MF"; Value = "Panasonic"; VariantName = "[No Variations]"
Add component (AddParameter): Name = "MP"; Value = "ERJ-U1T0R00U"; VariantName = "[No Variations]"
Add component (AddParameter): Name = "Package"; Value = "6432-2 Panasonic"; VariantName = "[No Variations]"
Add component (AddParameter): Name = "Price"; Value = "None"; VariantName = "[No Variations]"
Add component (AddParameter): Name = "Purchase-URL"; Value = "https://pricing.snapeda.com/search/part/ERJ-U1T0R00U/?ref=eda"; VariantName = "[No Variations]"
Add component (AddParameter): Name = "SnapEDA_Link"; Value = "https://www.snapeda.com/parts/ERJ-U1T0R00U/Panasonic/view-part/961195/?ref=snap"; VariantName = "[No Variations]"
Add component (AddParameter): Name = "Value"; Value = ""; VariantName = "[No Variations]"
Added Pin To Net: NetName=VP1 Pin=R21-1
Added Pin To Net: NetName=Vout_P1 Pin=R21-2
Added Member To Class: ClassName=MCU Member=Component JP7 GPS
Added Member To Class: ClassName=MCU Member=Component JP8 LCD_2004
Added Member To Class: ClassName=MCU Member=Component JP9 Backup
Added Member To Class: ClassName=MCU Member=Component LS1 Buzzer
Added Member To Class: ClassName=USB_charger Member=Component R23 RESISTOR
