Archive member included to satisfy reference by file (symbol)

D:/STM32CubeIdeSetUp/STM32CubeIDE_1.19.0/STM32CubeIDE/plugins/com.st.stm32cube.ide.mcu.externaltools.gnu-tools-for-stm32.13.3.rel1.win32_1.0.0.202411081344/tools/bin/../lib/gcc/arm-none-eabi/13.3.1/../../../../arm-none-eabi/lib/thumb/v7-m/nofp\libc_nano.a(libc_a-atoi.o)
                              ./Display/Scr/Display.o (atoi)
D:/STM32CubeIdeSetUp/STM32CubeIDE_1.19.0/STM32CubeIDE/plugins/com.st.stm32cube.ide.mcu.externaltools.gnu-tools-for-stm32.13.3.rel1.win32_1.0.0.202411081344/tools/bin/../lib/gcc/arm-none-eabi/13.3.1/../../../../arm-none-eabi/lib/thumb/v7-m/nofp\libc_nano.a(libc_a-exit.o)
                              D:/STM32CubeIdeSetUp/STM32CubeIDE_1.19.0/STM32CubeIDE/plugins/com.st.stm32cube.ide.mcu.externaltools.gnu-tools-for-stm32.13.3.rel1.win32_1.0.0.202411081344/tools/bin/../lib/gcc/arm-none-eabi/13.3.1/../../../../arm-none-eabi/lib/thumb/v7-m/nofp/crt0.o (exit)
D:/STM32CubeIdeSetUp/STM32CubeIDE_1.19.0/STM32CubeIDE/plugins/com.st.stm32cube.ide.mcu.externaltools.gnu-tools-for-stm32.13.3.rel1.win32_1.0.0.202411081344/tools/bin/../lib/gcc/arm-none-eabi/13.3.1/../../../../arm-none-eabi/lib/thumb/v7-m/nofp\libc_nano.a(libc_a-strtol.o)
                              D:/STM32CubeIdeSetUp/STM32CubeIDE_1.19.0/STM32CubeIDE/plugins/com.st.stm32cube.ide.mcu.externaltools.gnu-tools-for-stm32.13.3.rel1.win32_1.0.0.202411081344/tools/bin/../lib/gcc/arm-none-eabi/13.3.1/../../../../arm-none-eabi/lib/thumb/v7-m/nofp\libc_nano.a(libc_a-atoi.o) (_strtol_r)
D:/STM32CubeIdeSetUp/STM32CubeIDE_1.19.0/STM32CubeIDE/plugins/com.st.stm32cube.ide.mcu.externaltools.gnu-tools-for-stm32.13.3.rel1.win32_1.0.0.202411081344/tools/bin/../lib/gcc/arm-none-eabi/13.3.1/../../../../arm-none-eabi/lib/thumb/v7-m/nofp\libc_nano.a(libc_a-ctype_.o)
                              D:/STM32CubeIdeSetUp/STM32CubeIDE_1.19.0/STM32CubeIDE/plugins/com.st.stm32cube.ide.mcu.externaltools.gnu-tools-for-stm32.13.3.rel1.win32_1.0.0.202411081344/tools/bin/../lib/gcc/arm-none-eabi/13.3.1/../../../../arm-none-eabi/lib/thumb/v7-m/nofp\libc_nano.a(libc_a-strtol.o) (_ctype_)
D:/STM32CubeIdeSetUp/STM32CubeIDE_1.19.0/STM32CubeIDE/plugins/com.st.stm32cube.ide.mcu.externaltools.gnu-tools-for-stm32.13.3.rel1.win32_1.0.0.202411081344/tools/bin/../lib/gcc/arm-none-eabi/13.3.1/../../../../arm-none-eabi/lib/thumb/v7-m/nofp\libc_nano.a(libc_a-nano-vfprintf_float.o)
                              (_printf_float)
D:/STM32CubeIdeSetUp/STM32CubeIDE_1.19.0/STM32CubeIDE/plugins/com.st.stm32cube.ide.mcu.externaltools.gnu-tools-for-stm32.13.3.rel1.win32_1.0.0.202411081344/tools/bin/../lib/gcc/arm-none-eabi/13.3.1/../../../../arm-none-eabi/lib/thumb/v7-m/nofp\libc_nano.a(libc_a-nano-vfprintf_i.o)
                              D:/STM32CubeIdeSetUp/STM32CubeIDE_1.19.0/STM32CubeIDE/plugins/com.st.stm32cube.ide.mcu.externaltools.gnu-tools-for-stm32.13.3.rel1.win32_1.0.0.202411081344/tools/bin/../lib/gcc/arm-none-eabi/13.3.1/../../../../arm-none-eabi/lib/thumb/v7-m/nofp\libc_nano.a(libc_a-nano-vfprintf_float.o) (_printf_common)
D:/STM32CubeIdeSetUp/STM32CubeIDE_1.19.0/STM32CubeIDE/plugins/com.st.stm32cube.ide.mcu.externaltools.gnu-tools-for-stm32.13.3.rel1.win32_1.0.0.202411081344/tools/bin/../lib/gcc/arm-none-eabi/13.3.1/../../../../arm-none-eabi/lib/thumb/v7-m/nofp\libc_nano.a(libc_a-findfp.o)
                              D:/STM32CubeIdeSetUp/STM32CubeIDE_1.19.0/STM32CubeIDE/plugins/com.st.stm32cube.ide.mcu.externaltools.gnu-tools-for-stm32.13.3.rel1.win32_1.0.0.202411081344/tools/bin/../lib/gcc/arm-none-eabi/13.3.1/../../../../arm-none-eabi/lib/thumb/v7-m/nofp\libc_nano.a(libc_a-exit.o) (__stdio_exit_handler)
D:/STM32CubeIdeSetUp/STM32CubeIDE_1.19.0/STM32CubeIDE/plugins/com.st.stm32cube.ide.mcu.externaltools.gnu-tools-for-stm32.13.3.rel1.win32_1.0.0.202411081344/tools/bin/../lib/gcc/arm-none-eabi/13.3.1/../../../../arm-none-eabi/lib/thumb/v7-m/nofp\libc_nano.a(libc_a-fwalk.o)
                              D:/STM32CubeIdeSetUp/STM32CubeIDE_1.19.0/STM32CubeIDE/plugins/com.st.stm32cube.ide.mcu.externaltools.gnu-tools-for-stm32.13.3.rel1.win32_1.0.0.202411081344/tools/bin/../lib/gcc/arm-none-eabi/13.3.1/../../../../arm-none-eabi/lib/thumb/v7-m/nofp\libc_nano.a(libc_a-findfp.o) (_fwalk_sglue)
D:/STM32CubeIdeSetUp/STM32CubeIDE_1.19.0/STM32CubeIDE/plugins/com.st.stm32cube.ide.mcu.externaltools.gnu-tools-for-stm32.13.3.rel1.win32_1.0.0.202411081344/tools/bin/../lib/gcc/arm-none-eabi/13.3.1/../../../../arm-none-eabi/lib/thumb/v7-m/nofp\libc_nano.a(libc_a-snprintf.o)
                              ./Display/Scr/Display.o (snprintf)
D:/STM32CubeIdeSetUp/STM32CubeIDE_1.19.0/STM32CubeIDE/plugins/com.st.stm32cube.ide.mcu.externaltools.gnu-tools-for-stm32.13.3.rel1.win32_1.0.0.202411081344/tools/bin/../lib/gcc/arm-none-eabi/13.3.1/../../../../arm-none-eabi/lib/thumb/v7-m/nofp\libc_nano.a(libc_a-stdio.o)
[...]
Memory Configuration

Name             Origin             Length             Attributes
RAM              0x20000000         0x00005000         xrw
FLASH            0x08000000         0x00010000         xr
*default*        0x00000000         0xffffffff

Linker script and memory map

LOAD D:/STM32CubeIdeSetUp/STM32CubeIDE_1.19.0/STM32CubeIDE/plugins/com.st.stm32cube.ide.mcu.externaltools.gnu-tools-for-stm32.13.3.rel1.win32_1.0.0.202411081344/tools/bin/../lib/gcc/arm-none-eabi/13.3.1/thumb/v7-m/nofp/crti.o
LOAD D:/STM32CubeIdeSetUp/STM32CubeIDE_1.19.0/STM32CubeIDE/plugins/com.st.stm32cube.ide.mcu.externaltools.gnu-tools-for-stm32.13.3.rel1.win32_1.0.0.202411081344/tools/bin/../lib/gcc/arm-none-eabi/13.3.1/thumb/v7-m/nofp/crtbegin.o
LOAD D:/STM32CubeIdeSetUp/STM32CubeIDE_1.19.0/STM32CubeIDE/plugins/com.st.stm32cube.ide.mcu.externaltools.gnu-tools-for-stm32.13.3.rel1.win32_1.0.0.202411081344/tools/bin/../lib/gcc/arm-none-eabi/13.3.1/../../../../arm-none-eabi/lib/thumb/v7-m/nofp/crt0.o
LOAD ./Core/Src/freertos.o
LOAD ./Core/Src/main.o
LOAD ./Core/Src/stm32f1xx_hal_msp.o
LOAD ./Core/Src/stm32f1xx_hal_timebase_tim.o
LOAD ./Core/Src/stm32f1xx_it.o
LOAD ./Core/Src/syscalls.o
LOAD ./Core/Src/sysmem.o
LOAD ./Core/Src/system_stm32f1xx.o
LOAD ./Core/Startup/startup_stm32f103c8tx.o
LOAD ./Display/Scr/Display.o
LOAD ./Display/Scr/Read_Sensor.o
LOAD ./Drivers/STM32F1xx_HAL_Driver/Src/stm32f1xx_hal.o
LOAD ./Drivers/STM32F1xx_HAL_Driver/Src/stm32f1xx_hal_adc.o
LOAD ./Drivers/STM32F1xx_HAL_Driver/Src/stm32f1xx_hal_adc_ex.o
LOAD ./Drivers/STM32F1xx_HAL_Driver/Src/stm32f1xx_hal_cortex.o
LOAD ./Drivers/STM32F1xx_HAL_Driver/Src/stm32f1xx_hal_dma.o
LOAD ./Drivers/STM32F1xx_HAL_Driver/Src/stm32f1xx_hal_exti.o
LOAD ./Drivers/STM32F1xx_HAL_Driver/Src/stm32f1xx_hal_flash.o
LOAD ./Drivers/STM32F1xx_HAL_Driver/Src/stm32f1xx_hal_flash_ex.o
LOAD ./Drivers/STM32F1xx_HAL_Driver/Src/stm32f1xx_hal_gpio.o
LOAD ./Drivers/STM32F1xx_HAL_Driver/Src/stm32f1xx_hal_gpio_ex.o
LOAD ./Drivers/STM32F1xx_HAL_Driver/Src/stm32f1xx_hal_i2c.o
LOAD ./Drivers/STM32F1xx_HAL_Driver/Src/stm32f1xx_hal_pwr.o
LOAD ./Drivers/STM32F1xx_HAL_Driver/Src/stm32f1xx_hal_rcc.o
LOAD ./Drivers/STM32F1xx_HAL_Driver/Src/stm32f1xx_hal_rcc_ex.o
LOAD ./Drivers/STM32F1xx_HAL_Driver/Src/stm32f1xx_hal_tim.o
LOAD ./Drivers/STM32F1xx_HAL_Driver/Src/stm32f1xx_hal_tim_ex.o
LOAD ./Drivers/STM32F1xx_HAL_Driver/Src/stm32f1xx_hal_uart.o
LOAD ./Middlewares/Third_Party/FreeRTOS/Source/CMSIS_RTOS_V2/cmsis_os2.o
LOAD ./Middlewares/Third_Party/FreeRTOS/Source/croutine.o
LOAD ./Middlewares/Third_Party/FreeRTOS/Source/event_groups.o
LOAD ./Middlewares/Third_Party/FreeRTOS/Source/list.o
LOAD ./Middlewares/Third_Party/FreeRTOS/Source/queue.o
LOAD ./Middlewares/Third_Party/FreeRTOS/Source/stream_buffer.o
LOAD ./Middlewares/Third_Party/FreeRTOS/Source/tasks.o
LOAD ./Middlewares/Third_Party/FreeRTOS/Source/timers.o
LOAD ./Middlewares/Third_Party/FreeRTOS/Source/portable/GCC/ARM_CM3/port.o
LOAD ./Middlewares/Third_Party/FreeRTOS/Source/portable/MemMang/heap_4.o
LOAD ./Peripheral/Src/ADC.o
LOAD ./Peripheral/Src/ADS1115.o
LOAD ./Peripheral/Src/DS1307.o
LOAD ./Peripheral/Src/INA219.o
LOAD ./Peripheral/Src/LCD2004.o
LOAD ./Peripheral/Src/Pzem004T.o
START GROUP
LOAD D:/STM32CubeIdeSetUp/STM32CubeIDE_1.19.0/STM32CubeIDE/plugins/com.st.stm32cube.ide.mcu.externaltools.gnu-tools-for-stm32.13.3.rel1.win32_1.0.0.202411081344/tools/bin/../lib/gcc/arm-none-eabi/13.3.1/../../../../arm-none-eabi/lib/thumb/v7-m/nofp\libc_nano.a
LOAD D:/STM32CubeIdeSetUp/STM32CubeIDE_1.19.0/STM32CubeIDE/plugins/com.st.stm32cube.ide.mcu.externaltools.gnu-tools-for-stm32.13.3.rel1.win32_1.0.0.202411081344/tools/bin/../lib/gcc/arm-none-eabi/13.3.1/../../../../arm-none-eabi/lib/thumb/v7-m/nofp\libm.a
END GROUP
START GROUP
LOAD D:/STM32CubeIdeSetUp/STM32CubeIDE_1.19.0/STM32CubeIDE/plugins/com.st.stm32cube.ide.mcu.externaltools.gnu-tools-for-stm32.13.3.rel1.win32_1.0.0.202411081344/tools/bin/../lib/gcc/arm-none-eabi/13.3.1/thumb/v7-m/nofp\libgcc.a
LOAD D:/STM32CubeIdeSetUp/STM32CubeIDE_1.19.0/STM32CubeIDE/plugins/com.st.stm32cube.ide.mcu.externaltools.gnu-tools-for-stm32.13.3.rel1.win32_1.0.0.202411081344/tools/bin/../lib/gcc/arm-none-eabi/13.3.1/../../../../arm-none-eabi/lib/thumb/v7-m/nofp\libc_nano.a
END GROUP
START GROUP
LOAD D:/STM32CubeIdeSetUp/STM32CubeIDE_1.19.0/STM32CubeIDE/plugins/com.st.stm32cube.ide.mcu.externaltools.gnu-tools-for-stm32.13.3.rel1.win32_1.0.0.202411081344/tools/bin/../lib/gcc/arm-none-eabi/13.3.1/thumb/v7-m/nofp\libgcc.a
LOAD D:/STM32CubeIdeSetUp/STM32CubeIDE_1.19.0/STM32CubeIDE/plugins/com.st.stm32cube.ide.mcu.externaltools.gnu-tools-for-stm32.13.3.rel1.win32_1.0.0.202411081344/tools/bin/../lib/gcc/arm-none-eabi/13.3.1/../../../../arm-none-eabi/lib/thumb/v7-m/nofp\libc_nano.a
LOAD D:/STM32CubeIdeSetUp/STM32CubeIDE_1.19.0/STM32CubeIDE/plugins/com.st.stm32cube.ide.mcu.externaltools.gnu-tools-for-stm32.13.3.rel1.win32_1.0.0.202411081344/tools/bin/../lib/gcc/arm-none-eabi/13.3.1/../../../../arm-none-eabi/lib/thumb/v7-m/nofp\libnosys.a
END GROUP
START GROUP
LOAD D:/STM32CubeIdeSetUp/STM32CubeIDE_1.19.0/STM32CubeIDE/plugins/com.st.stm32cube.ide.mcu.externaltools.gnu-tools-for-stm32.13.3.rel1.win32_1.0.0.202411081344/tools/bin/../lib/gcc/arm-none-eabi/13.3.1/thumb/v7-m/nofp\libgcc.a
LOAD D:/STM32CubeIdeSetUp/STM32CubeIDE_1.19.0/STM32CubeIDE/plugins/com.st.stm32cube.ide.mcu.externaltools.gnu-tools-for-stm32.13.3.rel1.win32_1.0.0.202411081344/tools/bin/../lib/gcc/arm-none-eabi/13.3.1/../../../../arm-none-eabi/lib/thumb/v7-m/nofp\libc_nano.a
LOAD D:/STM32CubeIdeSetUp/STM32CubeIDE_1.19.0/STM32CubeIDE/plugins/com.st.stm32cube.ide.mcu.externaltools.gnu-tools-for-stm32.13.3.rel1.win32_1.0.0.202411081344/tools/bin/../lib/gcc/arm-none-eabi/13.3.1/../../../../arm-none-eabi/lib/thumb/v7-m/nofp\libnosys.a
END GROUP
LOAD D:/STM32CubeIdeSetUp/STM32CubeIDE_1.19.0/STM32CubeIDE/plugins/com.st.stm32cube.ide.mcu.externaltools.gnu-tools-for-stm32.13.3.rel1.win32_1.0.0.202411081344/tools/bin/../lib/gcc/arm-none-eabi/13.3.1/thumb/v7-m/nofp/crtend.o
LOAD D:/STM32CubeIdeSetUp/STM32CubeIDE_1.19.0/STM32CubeIDE/plugins/com.st.stm32cube.ide.mcu.externaltools.gnu-tools-for-stm32.13.3.rel1.win32_1.0.0.202411081344/tools/bin/../lib/gcc/arm-none-eabi/13.3.1/thumb/v7-m/nofp/crtn.o
                0x20005000                        _estack = (ORIGIN (RAM) + LENGTH (RAM))
                0x00000200                        _Min_Heap_Size = 0x200
                0x00000400                        _Min_Stack_Size = 0x400

.isr_vector     0x08000000      0x10c
                0x08000000                        . = ALIGN (0x4)
 *(.isr_vector)
 .isr_vector    0x08000000      0x10c ./Core/Startup/startup_stm32f103c8tx.o
                0x08000000                g_pfnVectors
                0x0800010c                        . = ALIGN (0x4)

.text           0x08000110     0xd29c
                0x08000110                        . = ALIGN (0x4)
 *(.text)
 .text          0x08000110       0x40 D:/STM32CubeIdeSetUp/STM32CubeIDE_1.19.0/STM32CubeIDE/plugins/com.st.stm32cube.ide.mcu.externaltools.gnu-tools-for-stm32.13.3.rel1.win32_1.0.0.202411081344/tools/bin/../lib/gcc/arm-none-eabi/13.3.1/thumb/v7-m/nofp/crtbegin.o
 .text          0x08000150       0x10 D:/STM32CubeIdeSetUp/STM32CubeIDE_1.19.0/STM32CubeIDE/plugins/com.st.stm32cube.ide.mcu.externaltools.gnu-tools-for-stm32.13.3.rel1.win32_1.0.0.202411081344/tools/bin/../lib/gcc/arm-none-eabi/13.3.1/../../../../arm-none-eabi/lib/thumb/v7-m/nofp\libc_nano.a(libc_a-strlen.o)
                0x08000150                strlen
 .text          0x08000160      0x378 D:/STM32CubeIdeSetUp/STM32CubeIDE_1.19.0/STM32CubeIDE/plugins/com.st.stm32cube.ide.mcu.externaltools.gnu-tools-for-stm32.13.3.rel1.win32_1.0.0.202411081344/tools/bin/../lib/gcc/arm-none-eabi/13.3.1/thumb/v7-m/nofp\libgcc.a(_arm_addsubdf3.o)
                0x08000160                __aeabi_drsub
                0x08000168                __aeabi_dsub
                0x08000168                __subdf3
                0x0800016c                __aeabi_dadd
                0x0800016c                __adddf3
                0x080003e4                __floatunsidf
                0x080003e4                __aeabi_ui2d
                0x08000404                __floatsidf
                0x08000404                __aeabi_i2d
                0x08000428                __aeabi_f2d
                0x08000428                __extendsfdf2
                0x0800046c                __floatundidf
                0x0800046c                __aeabi_ul2d
                0x0800047c                __floatdidf
                0x0800047c                __aeabi_l2d
 .text          0x080004d8      0x424 D:/STM32CubeIdeSetUp/STM32CubeIDE_1.19.0/STM32CubeIDE/plugins/com.st.stm32cube.ide.mcu.externaltools.gnu-tools-for-stm32.13.3.rel1.win32_1.0.0.202411081344/tools/bin/../lib/gcc/arm-none-eabi/13.3.1/thumb/v7-m/nofp\libgcc.a(_arm_muldivdf3.o)
                0x080004d8                __aeabi_dmul
                0x080004d8                __muldf3
                0x0800072c                __divdf3
                0x0800072c                __aeabi_ddiv
 .text          0x080008fc      0x110 D:/STM32CubeIdeSetUp/STM32CubeIDE_1.19.0/STM32CubeIDE/plugins/com.st.stm32cube.ide.mcu.externaltools.gnu-tools-for-stm32.13.3.rel1.win32_1.0.0.202411081344/tools/bin/../lib/gcc/arm-none-eabi/13.3.1/thumb/v7-m/nofp\libgcc.a(_arm_cmpdf2.o)
                0x080008fc                __gtdf2
                0x080008fc                __gedf2
                0x08000904                __ltdf2
                0x08000904                __ledf2
                0x0800090c                __nedf2
                0x0800090c                __eqdf2
                0x0800090c                __cmpdf2
                0x08000988                __aeabi_cdrcmple
                0x08000998                __aeabi_cdcmpeq
                0x08000998                __aeabi_cdcmple
                0x080009a8                __aeabi_dcmpeq
                0x080009bc                __aeabi_dcmplt
                0x080009d0                __aeabi_dcmple
                0x080009e4                __aeabi_dcmpge
                0x080009f8                __aeabi_dcmpgt
 .text          0x08000a0c       0x2c D:/STM32CubeIdeSetUp/STM32CubeIDE_1.19.0/STM32CubeIDE/plugins/com.st.stm32cube.ide.mcu.externaltools.gnu-tools-for-stm32.13.3.rel1.win32_1.0.0.202411081344/tools/bin/../lib/gcc/arm-none-eabi/13.3.1/thumb/v7-m/nofp\libgcc.a(_arm_unorddf2.o)
                0x08000a0c                __unorddf2
                0x08000a0c                __aeabi_dcmpun
 .text          0x08000a38       0x50 D:/STM32CubeIdeSetUp/STM32CubeIDE_1.19.0/STM32CubeIDE/plugins/com.st.stm32cube.ide.mcu.externaltools.gnu-tools-for-stm32.13.3.rel1.win32_1.0.0.202411081344/tools/bin/../lib/gcc/arm-none-eabi/13.3.1/thumb/v7-m/nofp\libgcc.a(_arm_fixdfsi.o)
                0x08000a38                __aeabi_d2iz
                0x08000a38                __fixdfsi
 .text          0x08000a88      0x21c D:/STM32CubeIdeSetUp/STM32CubeIDE_1.19.0/STM32CubeIDE/plugins/com.st.stm32cube.ide.mcu.externaltools.gnu-tools-for-stm32.13.3.rel1.win32_1.0.0.202411081344/tools/bin/../lib/gcc/arm-none-eabi/13.3.1/thumb/v7-m/nofp\libgcc.a(_arm_addsubsf3.o)
                0x08000a88                __aeabi_frsub
                0x08000a90                __subsf3
                0x08000a90                __aeabi_fsub
                0x08000a94                __aeabi_fadd
                0x08000a94                __addsf3
                0x08000bf4                __aeabi_ui2f
                0x08000bf4                __floatunsisf
                0x08000bfc                __aeabi_i2f
                0x08000bfc                __floatsisf
                0x08000c18                __aeabi_ul2f
                0x08000c18                __floatundisf
                0x08000c28                __aeabi_l2f
                0x08000c28                __floatdisf
 .text          0x08000ca4      0x2a0 D:/STM32CubeIdeSetUp/STM32CubeIDE_1.19.0/STM32CubeIDE/plugins/com.st.stm32cube.ide.mcu.externaltools.gnu-tools-for-stm32.13.3.rel1.win32_1.0.0.202411081344/tools/bin/../lib/gcc/arm-none-eabi/13.3.1/thumb/v7-m/nofp\libgcc.a(_arm_muldivsf3.o)
                0x08000ca4                __mulsf3
                0x08000ca4                __aeabi_fmul
                0x08000e0c                __aeabi_fdiv
                0x08000e0c                __divsf3
 .text          0x08000f44       0xec D:/STM32CubeIdeSetUp/STM32CubeIDE_1.19.0/STM32CubeIDE/plugins/com.st.stm32cube.ide.mcu.externaltools.gnu-tools-for-stm32.13.3.rel1.win32_1.0.0.202411081344/tools/bin/../lib/gcc/arm-none-eabi/13.3.1/thumb/v7-m/nofp\libgcc.a(_arm_cmpsf2.o)
                0x08000f44                __gesf2
                0x08000f44                __gtsf2
                0x08000f4c                __lesf2
                0x08000f4c                __ltsf2
                0x08000f54                __nesf2
                0x08000f54                __eqsf2
                0x08000f54                __cmpsf2
                0x08000fb4                __aeabi_cfrcmple
                0x08000fbc                __aeabi_cfcmpeq
                0x08000fbc                __aeabi_cfcmple
                0x08000fcc                __aeabi_fcmpeq
                0x08000fe0                __aeabi_fcmplt
                0x08000ff4                __aeabi_fcmple
                0x08001008                __aeabi_fcmpge
                0x0800101c                __aeabi_fcmpgt
 .text          0x08001030       0x4c D:/STM32CubeIdeSetUp/STM32CubeIDE_1.19.0/STM32CubeIDE/plugins/com.st.stm32cube.ide.mcu.externaltools.gnu-tools-for-stm32.13.3.rel1.win32_1.0.0.202411081344/tools/bin/../lib/gcc/arm-none-eabi/13.3.1/thumb/v7-m/nofp\libgcc.a(_arm_fixsfsi.o)
                0x08001030                __aeabi_f2iz
                0x08001030                __fixsfsi
 *(.text*)
 .text.Keypad_ScanFast
                0x0800107c       0xd0 ./Core/Src/main.o
 .text.is_leap  0x0800114c       0x5c ./Core/Src/main.o
 .text.days_in_month
                0x080011a8       0x58 ./Core/Src/main.o
 .text.DateTime_AddMinutes
                0x08001200      0x164 ./Core/Src/main.o
 .text.open_port
                0x08001364       0xb4 ./Core/Src/main.o
 .text.close_port
                0x08001418       0xb4 ./Core/Src/main.o
 .text.PortControl_OnSelectFromPage2
                0x080014cc       0x54 ./Core/Src/main.o
 .text.PortControl_Service
                0x08001520       0xa0 ./Core/Src/main.o
 .text.main     0x080015c0       0xa8 ./Core/Src/main.o
                0x080015c0                main
 .text.SystemClock_Config
                0x08001668       0xae ./Core/Src/main.o
                0x08001668                SystemClock_Config
 *fill*         0x08001716        0x2 
 .text.MX_ADC1_Init
                0x08001718       0x7c ./Core/Src/main.o
 .text.MX_I2C1_Init
                0x08001794       0x5c ./Core/Src/main.o
 .text.MX_I2C2_Init
                0x080017f0       0x5c ./Core/Src/main.o
 .text.MX_USART1_UART_Init
                0x0800184c       0x54 ./Core/Src/main.o
 .text.MX_USART2_UART_Init
                0x080018a0       0x54 ./Core/Src/main.o
 .text.MX_GPIO_Init
                0x080018f4      0x130 ./Core/Src/main.o
 .text.HAL_GPIO_EXTI_Callback
                0x08001a24       0x1a ./Core/Src/main.o
                0x08001a24                HAL_GPIO_EXTI_Callback
 *fill*         0x08001a3e        0x2 
 .text.ReadSource
                0x08001a40       0x28 ./Core/Src/main.o
                0x08001a40                ReadSource
 .text.DisplayTask
                0x08001a68      0x590 ./Core/Src/main.o
                0x08001a68                DisplayTask
 .text.Keypad_EXTI_Callback
                0x08001ff8       0x9c ./Core/Src/main.o
                0x08001ff8                Keypad_EXTI_Callback
 .text.HAL_TIM_PeriodElapsedCallback
                0x08002094       0x24 ./Core/Src/main.o
                0x08002094                HAL_TIM_PeriodElapsedCallback
 .text.Error_Handler
                0x080020b8        0xc ./Core/Src/main.o
                0x080020b8                Error_Handler
 .text.HAL_MspInit
                0x080020c4       0x70 ./Core/Src/stm32f1xx_hal_msp.o
                0x080020c4                HAL_MspInit
 .text.HAL_ADC_MspInit
                0x08002134       0x78 ./Core/Src/stm32f1xx_hal_msp.o
                0x08002134                HAL_ADC_MspInit
 .text.HAL_I2C_MspInit
                0x080021ac       0xd8 ./Core/Src/stm32f1xx_hal_msp.o
                0x080021ac                HAL_I2C_MspInit
 .text.HAL_UART_MspInit
                0x08002284      0x108 ./Core/Src/stm32f1xx_hal_msp.o
                0x08002284                HAL_UART_MspInit
 .text.HAL_InitTick
                0x0800238c       0xe4 ./Core/Src/stm32f1xx_hal_timebase_tim.o
                0x0800238c                HAL_InitTick
 .text.NMI_Handler
                0x08002470        0x8 ./Core/Src/stm32f1xx_it.o
                0x08002470                NMI_Handler
 .text.HardFault_Handler
                0x08002478        0x8 ./Core/Src/stm32f1xx_it.o
                0x08002478                HardFault_Handler
 .text.MemManage_Handler
                0x08002480        0x8 ./Core/Src/stm32f1xx_it.o
                0x08002480                MemManage_Handler
 .text.BusFault_Handler
                0x08002488        0x8 ./Core/Src/stm32f1xx_it.o
                0x08002488                BusFault_Handler
 .text.UsageFault_Handler
                0x08002490        0x8 ./Core/Src/stm32f1xx_it.o
                0x08002490                UsageFault_Handler
 .text.DebugMon_Handler
                0x08002498        0xc ./Core/Src/stm32f1xx_it.o
                0x08002498                DebugMon_Handler
 .text.EXTI4_IRQHandler
                0x080024a4        0xe ./Core/Src/stm32f1xx_it.o
                0x080024a4                EXTI4_IRQHandler
 .text.EXTI9_5_IRQHandler
                0x080024b2       0x1a ./Core/Src/stm32f1xx_it.o
                0x080024b2                EXTI9_5_IRQHandler
 .text.TIM1_UP_IRQHandler
                0x080024cc       0x14 ./Core/Src/stm32f1xx_it.o
                0x080024cc                TIM1_UP_IRQHandler
 .text._getpid  0x080024e0        0xe ./Core/Src/syscalls.o
                0x080024e0                _getpid
 .text._kill    0x080024ee       0x20 ./Core/Src/syscalls.o
                0x080024ee                _kill
 .text._exit    0x0800250e       0x16 ./Core/Src/syscalls.o
                0x0800250e                _exit
 .text._read    0x08002524       0x3a ./Core/Src/syscalls.o
                0x08002524                _read
 .text._write   0x0800255e       0x38 ./Core/Src/syscalls.o
                0x0800255e                _write
 .text._close   0x08002596       0x16 ./Core/Src/syscalls.o
                0x08002596                _close
 .text._fstat   0x080025ac       0x1e ./Core/Src/syscalls.o
                0x080025ac                _fstat
 .text._isatty  0x080025ca       0x14 ./Core/Src/syscalls.o
                0x080025ca                _isatty
 .text._lseek   0x080025de       0x18 ./Core/Src/syscalls.o
                0x080025de                _lseek
 *fill*         0x080025f6        0x2 
 .text._sbrk    0x080025f8       0x6c ./Core/Src/sysmem.o
                0x080025f8                _sbrk
 .text.SystemInit
                0x08002664        0xc ./Core/Src/system_stm32f1xx.o
                0x08002664                SystemInit
 .text.Reset_Handler
                0x08002670       0x48 ./Core/Startup/startup_stm32f103c8tx.o
                0x08002670                Reset_Handler
 .text.Default_Handler
                0x080026b8        0x2 ./Core/Startup/startup_stm32f103c8tx.o
                0x080026b8                RTC_Alarm_IRQHandler
                0x080026b8                EXTI2_IRQHandler
                0x080026b8                TIM1_CC_IRQHandler
                0x080026b8                PVD_IRQHandler
                0x080026b8                EXTI3_IRQHandler
                0x080026b8                EXTI0_IRQHandler
                0x080026b8                I2C2_EV_IRQHandler
                0x080026b8                ADC1_2_IRQHandler
                0x080026b8                SPI1_IRQHandler
                0x080026b8                TAMPER_IRQHandler
                0x080026b8                DMA1_Channel4_IRQHandler
                0x080026b8                USART3_IRQHandler
                0x080026b8                RTC_IRQHandler
                0x080026b8                DMA1_Channel7_IRQHandler
                0x080026b8                CAN1_RX1_IRQHandler
                0x080026b8                TIM4_IRQHandler
                0x080026b8                I2C1_EV_IRQHandler
                0x080026b8                DMA1_Channel6_IRQHandler
                0x080026b8                TIM3_IRQHandler
                0x080026b8                RCC_IRQHandler
                0x080026b8                TIM1_TRG_COM_IRQHandler
                0x080026b8                DMA1_Channel1_IRQHandler
                0x080026b8                Default_Handler
                0x080026b8                EXTI15_10_IRQHandler
                0x080026b8                SPI2_IRQHandler
                0x080026b8                DMA1_Channel5_IRQHandler
                0x080026b8                USB_LP_CAN1_RX0_IRQHandler
                0x080026b8                USB_HP_CAN1_TX_IRQHandler
                0x080026b8                DMA1_Channel3_IRQHandler
                0x080026b8                WWDG_IRQHandler
                0x080026b8                TIM2_IRQHandler
                0x080026b8                TIM1_BRK_IRQHandler
                0x080026b8                EXTI1_IRQHandler
                0x080026b8                USART2_IRQHandler
                0x080026b8                I2C2_ER_IRQHandler
                0x080026b8                DMA1_Channel2_IRQHandler
                0x080026b8                CAN1_SCE_IRQHandler
                0x080026b8                FLASH_IRQHandler
                0x080026b8                USART1_IRQHandler
                0x080026b8                I2C1_ER_IRQHandler
                0x080026b8                USBWakeUp_IRQHandler
 *fill*         0x080026ba        0x2 
 .text.Display_Init
                0x080026bc       0x88 ./Display/Scr/Display.o
                0x080026bc                Display_Init
 .text.lcd_print_padded_20
                0x08002744       0x38 ./Display/Scr/Display.o
 .text.Display_UpdatePage1
                0x0800277c      0x1c4 ./Display/Scr/Display.o
                0x0800277c                Display_UpdatePage1
 .text.Display_Page2
                0x08002940       0x64 ./Display/Scr/Display.o
                0x08002940                Display_Page2
 .text.Display_Page3
                0x080029a4       0x64 ./Display/Scr/Display.o
                0x080029a4                Display_Page3
 .text.Display_Page4
                0x08002a08       0x5c ./Display/Scr/Display.o
                0x08002a08                Display_Page4
 .text.Display_GetInputMinutes
                0x08002a64       0x18 ./Display/Scr/Display.o
                0x08002a64                Display_GetInputMinutes
 .text.Display_ClearInputBuffer
                0x08002a7c       0x34 ./Display/Scr/Display.o
                0x08002a7c                Display_ClearInputBuffer
 .text.Display_Page4_HandleKey
                0x08002ab0       0x78 ./Display/Scr/Display.o
                0x08002ab0                Display_Page4_HandleKey
 .text.Display_Page5
                0x08002b28      0x14c ./Display/Scr/Display.o
                0x08002b28                Display_Page5
 .text.Display_Page5_Select
                0x08002c74       0xd4 ./Display/Scr/Display.o
                0x08002c74                Display_Page5_Select
 .text.Sensor_Init
                0x08002d48       0x40 ./Display/Scr/Read_Sensor.o
                0x08002d48                Sensor_Init
 .text.Sensor_Calibrate
                0x08002d88       0xc0 ./Display/Scr/Read_Sensor.o
                0x08002d88                Sensor_Calibrate
 .text.Sensor_ReadAll
                0x08002e48      0x130 ./Display/Scr/Read_Sensor.o
                0x08002e48                Sensor_ReadAll
 .text.SourceOutput_ReadAll
                0x08002f78       0xd4 ./Display/Scr/Read_Sensor.o
                0x08002f78                SourceOutput_ReadAll
 .text.HAL_Init
                0x0800304c       0x2c ./Drivers/STM32F1xx_HAL_Driver/Src/stm32f1xx_hal.o
                0x0800304c                HAL_Init
 .text.HAL_IncTick
                0x08003078       0x24 ./Drivers/STM32F1xx_HAL_Driver/Src/stm32f1xx_hal.o
                0x08003078                HAL_IncTick
 .text.HAL_GetTick
                0x0800309c       0x14 ./Drivers/STM32F1xx_HAL_Driver/Src/stm32f1xx_hal.o
                0x0800309c                HAL_GetTick
 .text.HAL_ADC_Init
                0x080030b0      0x1b0 ./Drivers/STM32F1xx_HAL_Driver/Src/stm32f1xx_hal_adc.o
                0x080030b0                HAL_ADC_Init
 .text.HAL_ADC_Start
                0x08003260      0x15c ./Drivers/STM32F1xx_HAL_Driver/Src/stm32f1xx_hal_adc.o
                0x08003260                HAL_ADC_Start
 .text.HAL_ADC_Stop
                0x080033bc       0x58 ./Drivers/STM32F1xx_HAL_Driver/Src/stm32f1xx_hal_adc.o
                0x080033bc                HAL_ADC_Stop
 .text.HAL_ADC_PollForConversion
                0x08003414      0x20c ./Drivers/STM32F1xx_HAL_Driver/Src/stm32f1xx_hal_adc.o
                0x08003414                HAL_ADC_PollForConversion
 .text.HAL_ADC_GetValue
                0x08003620       0x18 ./Drivers/STM32F1xx_HAL_Driver/Src/stm32f1xx_hal_adc.o
                0x08003620                HAL_ADC_GetValue
 .text.HAL_ADC_ConfigChannel
                0x08003638      0x1f0 ./Drivers/STM32F1xx_HAL_Driver/Src/stm32f1xx_hal_adc.o
                0x08003638                HAL_ADC_ConfigChannel
 .text.ADC_Enable
                0x08003828       0xb4 ./Drivers/STM32F1xx_HAL_Driver/Src/stm32f1xx_hal_adc.o
                0x08003828                ADC_Enable
 .text.ADC_ConversionStop_Disable
                0x080038dc       0x82 ./Drivers/STM32F1xx_HAL_Driver/Src/stm32f1xx_hal_adc.o
                0x080038dc                ADC_ConversionStop_Disable
 *fill*         0x0800395e        0x2 
 .text.__NVIC_SetPriorityGrouping
                0x08003960       0x48 ./Drivers/STM32F1xx_HAL_Driver/Src/stm32f1xx_hal_cortex.o
 .text.__NVIC_GetPriorityGrouping
                0x080039a8       0x1c ./Drivers/STM32F1xx_HAL_Driver/Src/stm32f1xx_hal_cortex.o
 .text.__NVIC_EnableIRQ
                0x080039c4       0x38 ./Drivers/STM32F1xx_HAL_Driver/Src/stm32f1xx_hal_cortex.o
 .text.__NVIC_SetPriority
                0x080039fc       0x54 ./Drivers/STM32F1xx_HAL_Driver/Src/stm32f1xx_hal_cortex.o
 .text.NVIC_EncodePriority
                0x08003a50       0x64 ./Drivers/STM32F1xx_HAL_Driver/Src/stm32f1xx_hal_cortex.o
 .text.HAL_NVIC_SetPriorityGrouping
                0x08003ab4       0x16 ./Drivers/STM32F1xx_HAL_Driver/Src/stm32f1xx_hal_cortex.o
                0x08003ab4                HAL_NVIC_SetPriorityGrouping
 .text.HAL_NVIC_SetPriority
                0x08003aca       0x38 ./Drivers/STM32F1xx_HAL_Driver/Src/stm32f1xx_hal_cortex.o
                0x08003aca                HAL_NVIC_SetPriority
 .text.HAL_NVIC_EnableIRQ
                0x08003b02       0x1c ./Drivers/STM32F1xx_HAL_Driver/Src/stm32f1xx_hal_cortex.o
                0x08003b02                HAL_NVIC_EnableIRQ
 *fill*         0x08003b1e        0x2 
 .text.HAL_GPIO_Init
                0x08003b20      0x308 ./Drivers/STM32F1xx_HAL_Driver/Src/stm32f1xx_hal_gpio.o
                0x08003b20                HAL_GPIO_Init
 .text.HAL_GPIO_ReadPin
                0x08003e28       0x2e ./Drivers/STM32F1xx_HAL_Driver/Src/stm32f1xx_hal_gpio.o
                0x08003e28                HAL_GPIO_ReadPin
 .text.HAL_GPIO_WritePin
                0x08003e56       0x30 ./Drivers/STM32F1xx_HAL_Driver/Src/stm32f1xx_hal_gpio.o
                0x08003e56                HAL_GPIO_WritePin
 *fill*         0x08003e86        0x2 
 .text.HAL_GPIO_EXTI_IRQHandler
                0x08003e88       0x30 ./Drivers/STM32F1xx_HAL_Driver/Src/stm32f1xx_hal_gpio.o
                0x08003e88                HAL_GPIO_EXTI_IRQHandler
 .text.HAL_I2C_Init
                0x08003eb8      0x288 ./Drivers/STM32F1xx_HAL_Driver/Src/stm32f1xx_hal_i2c.o
                0x08003eb8                HAL_I2C_Init
 .text.HAL_I2C_Master_Transmit
                0x08004140      0x1fc ./Drivers/STM32F1xx_HAL_Driver/Src/stm32f1xx_hal_i2c.o
                0x08004140                HAL_I2C_Master_Transmit
 .text.HAL_I2C_Master_Receive
                0x0800433c      0x4d8 ./Drivers/STM32F1xx_HAL_Driver/Src/stm32f1xx_hal_i2c.o
                0x0800433c                HAL_I2C_Master_Receive
 .text.HAL_I2C_Mem_Write
                0x08004814      0x1f4 ./Drivers/STM32F1xx_HAL_Driver/Src/stm32f1xx_hal_i2c.o
                0x08004814                HAL_I2C_Mem_Write
 .text.HAL_I2C_Mem_Read
                0x08004a08      0x4e8 ./Drivers/STM32F1xx_HAL_Driver/Src/stm32f1xx_hal_i2c.o
                0x08004a08                HAL_I2C_Mem_Read
 .text.I2C_MasterRequestWrite
                0x08004ef0      0x104 ./Drivers/STM32F1xx_HAL_Driver/Src/stm32f1xx_hal_i2c.o
 .text.I2C_MasterRequestRead
                0x08004ff4      0x19c ./Drivers/STM32F1xx_HAL_Driver/Src/stm32f1xx_hal_i2c.o
 .text.I2C_RequestMemoryWrite
                0x08005190      0x12c ./Drivers/STM32F1xx_HAL_Driver/Src/stm32f1xx_hal_i2c.o
 .text.I2C_RequestMemoryRead
                0x080052bc      0x1d0 ./Drivers/STM32F1xx_HAL_Driver/Src/stm32f1xx_hal_i2c.o
 .text.I2C_WaitOnFlagUntilTimeout
                0x0800548c       0xf4 ./Drivers/STM32F1xx_HAL_Driver/Src/stm32f1xx_hal_i2c.o
 .text.I2C_WaitOnMasterAddressFlagUntilTimeout
                0x08005580      0x140 ./Drivers/STM32F1xx_HAL_Driver/Src/stm32f1xx_hal_i2c.o
 .text.I2C_WaitOnTXEFlagUntilTimeout
                0x080056c0       0x90 ./Drivers/STM32F1xx_HAL_Driver/Src/stm32f1xx_hal_i2c.o
 .text.I2C_WaitOnBTFFlagUntilTimeout
                0x08005750       0x90 ./Drivers/STM32F1xx_HAL_Driver/Src/stm32f1xx_hal_i2c.o
 .text.I2C_WaitOnRXNEFlagUntilTimeout
                0x080057e0       0xba ./Drivers/STM32F1xx_HAL_Driver/Src/stm32f1xx_hal_i2c.o
 .text.I2C_IsAcknowledgeFailed
                0x0800589a       0x5c ./Drivers/STM32F1xx_HAL_Driver/Src/stm32f1xx_hal_i2c.o
 *fill*         0x080058f6        0x2 
 .text.HAL_RCC_OscConfig
                0x080058f8      0x504 ./Drivers/STM32F1xx_HAL_Driver/Src/stm32f1xx_hal_rcc.o
                0x080058f8                HAL_RCC_OscConfig
 .text.HAL_RCC_ClockConfig
                0x08005dfc      0x1d4 ./Drivers/STM32F1xx_HAL_Driver/Src/stm32f1xx_hal_rcc.o
                0x08005dfc                HAL_RCC_ClockConfig
 .text.HAL_RCC_GetSysClockFreq
                0x08005fd0       0xa8 ./Drivers/STM32F1xx_HAL_Driver/Src/stm32f1xx_hal_rcc.o
                0x08005fd0                HAL_RCC_GetSysClockFreq
 .text.HAL_RCC_GetHCLKFreq
                0x08006078       0x14 ./Drivers/STM32F1xx_HAL_Driver/Src/stm32f1xx_hal_rcc.o
                0x08006078                HAL_RCC_GetHCLKFreq
 .text.HAL_RCC_GetPCLK1Freq
                0x0800608c       0x28 ./Drivers/STM32F1xx_HAL_Driver/Src/stm32f1xx_hal_rcc.o
                0x0800608c                HAL_RCC_GetPCLK1Freq
 .text.HAL_RCC_GetPCLK2Freq
                0x080060b4       0x28 ./Drivers/STM32F1xx_HAL_Driver/Src/stm32f1xx_hal_rcc.o
                0x080060b4                HAL_RCC_GetPCLK2Freq
 .text.HAL_RCC_GetClockConfig
                0x080060dc       0x60 ./Drivers/STM32F1xx_HAL_Driver/Src/stm32f1xx_hal_rcc.o
                0x080060dc                HAL_RCC_GetClockConfig
 .text.RCC_Delay
                0x0800613c       0x3c ./Drivers/STM32F1xx_HAL_Driver/Src/stm32f1xx_hal_rcc.o
 .text.HAL_RCCEx_PeriphCLKConfig
                0x08006178      0x16c ./Drivers/STM32F1xx_HAL_Driver/Src/stm32f1xx_hal_rcc_ex.o
                0x08006178                HAL_RCCEx_PeriphCLKConfig
 .text.HAL_RCCEx_GetPeriphCLKFreq
                0x080062e4      0x16c ./Drivers/STM32F1xx_HAL_Driver/Src/stm32f1xx_hal_rcc_ex.o
                0x080062e4                HAL_RCCEx_GetPeriphCLKFreq
 .text.HAL_TIM_Base_Init
                0x08006450       0x9e ./Drivers/STM32F1xx_HAL_Driver/Src/stm32f1xx_hal_tim.o
                0x08006450                HAL_TIM_Base_Init
 .text.HAL_TIM_Base_MspInit
                0x080064ee       0x12 ./Drivers/STM32F1xx_HAL_Driver/Src/stm32f1xx_hal_tim.o
                0x080064ee                HAL_TIM_Base_MspInit
 .text.HAL_TIM_Base_Start_IT
                0x08006500       0xa4 ./Drivers/STM32F1xx_HAL_Driver/Src/stm32f1xx_hal_tim.o
                0x08006500                HAL_TIM_Base_Start_IT
 .text.HAL_TIM_IRQHandler
                0x080065a4      0x1e0 ./Drivers/STM32F1xx_HAL_Driver/Src/stm32f1xx_hal_tim.o
                0x080065a4                HAL_TIM_IRQHandler
 .text.HAL_TIM_OC_DelayElapsedCallback
                0x08006784       0x12 ./Drivers/STM32F1xx_HAL_Driver/Src/stm32f1xx_hal_tim.o
                0x08006784                HAL_TIM_OC_DelayElapsedCallback
 .text.HAL_TIM_IC_CaptureCallback
                0x08006796       0x12 ./Drivers/STM32F1xx_HAL_Driver/Src/stm32f1xx_hal_tim.o
                0x08006796                HAL_TIM_IC_CaptureCallback
 .text.HAL_TIM_PWM_PulseFinishedCallback
                0x080067a8       0x12 ./Drivers/STM32F1xx_HAL_Driver/Src/stm32f1xx_hal_tim.o
                0x080067a8                HAL_TIM_PWM_PulseFinishedCallback
 .text.HAL_TIM_TriggerCallback
                0x080067ba       0x12 ./Drivers/STM32F1xx_HAL_Driver/Src/stm32f1xx_hal_tim.o
                0x080067ba                HAL_TIM_TriggerCallback
 .text.TIM_Base_SetConfig
                0x080067cc       0xdc ./Drivers/STM32F1xx_HAL_Driver/Src/stm32f1xx_hal_tim.o
                0x080067cc                TIM_Base_SetConfig
 .text.HAL_TIMEx_CommutCallback
                0x080068a8       0x12 ./Drivers/STM32F1xx_HAL_Driver/Src/stm32f1xx_hal_tim_ex.o
                0x080068a8                HAL_TIMEx_CommutCallback
 .text.HAL_TIMEx_BreakCallback
                0x080068ba       0x12 ./Drivers/STM32F1xx_HAL_Driver/Src/stm32f1xx_hal_tim_ex.o
                0x080068ba                HAL_TIMEx_BreakCallback
 .text.HAL_UART_Init
                0x080068cc       0xa0 ./Drivers/STM32F1xx_HAL_Driver/Src/stm32f1xx_hal_uart.o
                0x080068cc                HAL_UART_Init
 .text.HAL_UART_Transmit
                0x0800696c      0x116 ./Drivers/STM32F1xx_HAL_Driver/Src/stm32f1xx_hal_uart.o
                0x0800696c                HAL_UART_Transmit
 .text.HAL_UART_Receive
                0x08006a82      0x12e ./Drivers/STM32F1xx_HAL_Driver/Src/stm32f1xx_hal_uart.o
                0x08006a82                HAL_UART_Receive
 .text.UART_WaitOnFlagUntilTimeout
                0x08006bb0       0xb2 ./Drivers/STM32F1xx_HAL_Driver/Src/stm32f1xx_hal_uart.o
 .text.UART_EndRxTransfer
                0x08006c62       0xc4 ./Drivers/STM32F1xx_HAL_Driver/Src/stm32f1xx_hal_uart.o
 *fill*         0x08006d26        0x2 
 .text.UART_SetConfig
                0x08006d28      0x11c ./Drivers/STM32F1xx_HAL_Driver/Src/stm32f1xx_hal_uart.o
 .text.__NVIC_SetPriority
                0x08006e44       0x54 ./Middlewares/Third_Party/FreeRTOS/Source/CMSIS_RTOS_V2/cmsis_os2.o
 .text.SysTick_Handler
                0x08006e98       0x20 ./Middlewares/Third_Party/FreeRTOS/Source/CMSIS_RTOS_V2/cmsis_os2.o
                0x08006e98                SysTick_Handler
 .text.SVC_Setup
                0x08006eb8       0x12 ./Middlewares/Third_Party/FreeRTOS/Source/CMSIS_RTOS_V2/cmsis_os2.o
 *fill*         0x08006eca        0x2 
 .text.osKernelInitialize
                0x08006ecc       0x44 ./Middlewares/Third_Party/FreeRTOS/Source/CMSIS_RTOS_V2/cmsis_os2.o
                0x08006ecc                osKernelInitialize
 .text.osKernelStart
                0x08006f10       0x4c ./Middlewares/Third_Party/FreeRTOS/Source/CMSIS_RTOS_V2/cmsis_os2.o
                0x08006f10                osKernelStart
 .text.osKernelGetTickCount
                0x08006f5c       0x2a ./Middlewares/Third_Party/FreeRTOS/Source/CMSIS_RTOS_V2/cmsis_os2.o
                0x08006f5c                osKernelGetTickCount
 .text.osThreadNew
                0x08006f86      0x124 ./Middlewares/Third_Party/FreeRTOS/Source/CMSIS_RTOS_V2/cmsis_os2.o
                0x08006f86                osThreadNew
 .text.osDelay  0x080070aa       0x36 ./Middlewares/Third_Party/FreeRTOS/Source/CMSIS_RTOS_V2/cmsis_os2.o
                0x080070aa                osDelay
 .text.vApplicationGetIdleTaskMemory
                0x080070e0       0x30 ./Middlewares/Third_Party/FreeRTOS/Source/CMSIS_RTOS_V2/cmsis_os2.o
                0x080070e0                vApplicationGetIdleTaskMemory
 .text.vApplicationGetTimerTaskMemory
                0x08007110       0x34 ./Middlewares/Third_Party/FreeRTOS/Source/CMSIS_RTOS_V2/cmsis_os2.o
                0x08007110                vApplicationGetTimerTaskMemory
 .text.vListInitialise
                0x08007144       0x3e ./Middlewares/Third_Party/FreeRTOS/Source/list.o
                0x08007144                vListInitialise
 .text.vListInitialiseItem
                0x08007182       0x18 ./Middlewares/Third_Party/FreeRTOS/Source/list.o
                0x08007182                vListInitialiseItem
 .text.vListInsertEnd
                0x0800719a       0x46 ./Middlewares/Third_Party/FreeRTOS/Source/list.o
                0x0800719a                vListInsertEnd
 .text.vListInsert
                0x080071e0       0x70 ./Middlewares/Third_Party/FreeRTOS/Source/list.o
                0x080071e0                vListInsert
 .text.uxListRemove
                0x08007250       0x52 ./Middlewares/Third_Party/FreeRTOS/Source/list.o
                0x08007250                uxListRemove
 *fill*         0x080072a2        0x2 
 .text.xQueueGenericReset
                0x080072a4       0xd4 ./Middlewares/Third_Party/FreeRTOS/Source/queue.o
                0x080072a4                xQueueGenericReset
 .text.xQueueGenericCreateStatic
                0x08007378       0xfa ./Middlewares/Third_Party/FreeRTOS/Source/queue.o
                0x08007378                xQueueGenericCreateStatic
 .text.prvInitialiseNewQueue
                0x08007472       0x46 ./Middlewares/Third_Party/FreeRTOS/Source/queue.o
 .text.xQueueGenericSend
                0x080074b8      0x204 ./Middlewares/Third_Party/FreeRTOS/Source/queue.o
                0x080074b8                xQueueGenericSend
 .text.xQueueGenericSendFromISR
                0x080076bc      0x13c ./Middlewares/Third_Party/FreeRTOS/Source/queue.o
                0x080076bc                xQueueGenericSendFromISR
 .text.xQueueReceive
                0x080077f8      0x1c4 ./Middlewares/Third_Party/FreeRTOS/Source/queue.o
                0x080077f8                xQueueReceive
 .text.prvCopyDataToQueue
                0x080079bc       0xd4 ./Middlewares/Third_Party/FreeRTOS/Source/queue.o
 .text.prvCopyDataFromQueue
                0x08007a90       0x4c ./Middlewares/Third_Party/FreeRTOS/Source/queue.o
 .text.prvUnlockQueue
                0x08007adc       0xa4 ./Middlewares/Third_Party/FreeRTOS/Source/queue.o
 .text.prvIsQueueEmpty
                0x08007b80       0x2c ./Middlewares/Third_Party/FreeRTOS/Source/queue.o
 .text.prvIsQueueFull
                0x08007bac       0x30 ./Middlewares/Third_Party/FreeRTOS/Source/queue.o
 .text.vQueueAddToRegistry
                0x08007bdc       0x50 ./Middlewares/Third_Party/FreeRTOS/Source/queue.o
                0x08007bdc                vQueueAddToRegistry
 .text.vQueueWaitForMessageRestricted
                0x08007c2c       0x68 ./Middlewares/Third_Party/FreeRTOS/Source/queue.o
                0x08007c2c                vQueueWaitForMessageRestricted
 .text.xTaskCreateStatic
                0x08007c94       0xc0 ./Middlewares/Third_Party/FreeRTOS/Source/tasks.o
                0x08007c94                xTaskCreateStatic
 .text.xTaskCreate
                0x08007d54       0x8a ./Middlewares/Third_Party/FreeRTOS/Source/tasks.o
                0x08007d54                xTaskCreate
 .text.prvInitialiseNewTask
                0x08007dde      0x120 ./Middlewares/Third_Party/FreeRTOS/Source/tasks.o
 *fill*         0x08007efe        0x2 
 .text.prvAddNewTaskToReadyList
                0x08007f00       0xe0 ./Middlewares/Third_Party/FreeRTOS/Source/tasks.o
 .text.vTaskDelay
                0x08007fe0       0x6c ./Middlewares/Third_Party/FreeRTOS/Source/tasks.o
                0x08007fe0                vTaskDelay
 .text.vTaskStartScheduler
                0x0800804c       0xd0 ./Middlewares/Third_Party/FreeRTOS/Source/tasks.o
                0x0800804c                vTaskStartScheduler
 .text.vTaskSuspendAll
                0x0800811c       0x1c ./Middlewares/Third_Party/FreeRTOS/Source/tasks.o
                0x0800811c                vTaskSuspendAll
 .text.xTaskResumeAll
                0x08008138      0x13c ./Middlewares/Third_Party/FreeRTOS/Source/tasks.o
                0x08008138                xTaskResumeAll
 .text.xTaskGetTickCount
                0x08008274       0x1c ./Middlewares/Third_Party/FreeRTOS/Source/tasks.o
                0x08008274                xTaskGetTickCount
 .text.xTaskGetTickCountFromISR
                0x08008290       0x24 ./Middlewares/Third_Party/FreeRTOS/Source/tasks.o
                0x08008290                xTaskGetTickCountFromISR
 .text.xTaskIncrementTick
                0x080082b4      0x174 ./Middlewares/Third_Party/FreeRTOS/Source/tasks.o
                0x080082b4                xTaskIncrementTick
 .text.vTaskSwitchContext
                0x08008428       0xbc ./Middlewares/Third_Party/FreeRTOS/Source/tasks.o
                0x08008428                vTaskSwitchContext
 .text.vTaskPlaceOnEventList
                0x080084e4       0x4c ./Middlewares/Third_Party/FreeRTOS/Source/tasks.o
                0x080084e4                vTaskPlaceOnEventList
 .text.vTaskPlaceOnEventListRestricted
                0x08008530       0x58 ./Middlewares/Third_Party/FreeRTOS/Source/tasks.o
                0x08008530                vTaskPlaceOnEventListRestricted
 .text.xTaskRemoveFromEventList
                0x08008588       0xc8 ./Middlewares/Third_Party/FreeRTOS/Source/tasks.o
                0x08008588                xTaskRemoveFromEventList
 .text.vTaskInternalSetTimeOutState
                0x08008650       0x2c ./Middlewares/Third_Party/FreeRTOS/Source/tasks.o
                0x08008650                vTaskInternalSetTimeOutState
 .text.xTaskCheckForTimeOut
                0x0800867c       0xc8 ./Middlewares/Third_Party/FreeRTOS/Source/tasks.o
                0x0800867c                xTaskCheckForTimeOut
 .text.vTaskMissedYield
                0x08008744       0x18 ./Middlewares/Third_Party/FreeRTOS/Source/tasks.o
                0x08008744                vTaskMissedYield
 .text.prvIdleTask
                0x0800875c       0x30 ./Middlewares/Third_Party/FreeRTOS/Source/tasks.o
 .text.prvInitialiseTaskLists
                0x0800878c       0x80 ./Middlewares/Third_Party/FreeRTOS/Source/tasks.o
 .text.prvCheckTasksWaitingTermination
                0x0800880c       0x5c ./Middlewares/Third_Party/FreeRTOS/Source/tasks.o
 .text.prvDeleteTCB
                0x08008868       0x60 ./Middlewares/Third_Party/FreeRTOS/Source/tasks.o
 .text.prvResetNextTaskUnblockTime
                0x080088c8       0x40 ./Middlewares/Third_Party/FreeRTOS/Source/tasks.o
 .text.xTaskGetSchedulerState
                0x08008908       0x3c ./Middlewares/Third_Party/FreeRTOS/Source/tasks.o
                0x08008908                xTaskGetSchedulerState
 .text.xTaskPriorityDisinherit
                0x08008944       0xe0 ./Middlewares/Third_Party/FreeRTOS/Source/tasks.o
                0x08008944                xTaskPriorityDisinherit
 .text.prvAddCurrentTaskToDelayedList
                0x08008a24       0xa8 ./Middlewares/Third_Party/FreeRTOS/Source/tasks.o
 .text.xTimerCreateTimerTask
                0x08008acc       0x94 ./Middlewares/Third_Party/FreeRTOS/Source/timers.o
                0x08008acc                xTimerCreateTimerTask
 .text.xTimerGenericCommand
                0x08008b60       0x9c ./Middlewares/Third_Party/FreeRTOS/Source/timers.o
                0x08008b60                xTimerGenericCommand
 .text.prvProcessExpiredTimer
                0x08008bfc       0x9c ./Middlewares/Third_Party/FreeRTOS/Source/timers.o
 .text.prvTimerTask
                0x08008c98       0x26 ./Middlewares/Third_Party/FreeRTOS/Source/timers.o
 *fill*         0x08008cbe        0x2 
 .text.prvProcessTimerOrBlockTask
                0x08008cc0       0x9c ./Middlewares/Third_Party/FreeRTOS/Source/timers.o
 .text.prvGetNextExpireTime
                0x08008d5c       0x44 ./Middlewares/Third_Party/FreeRTOS/Source/timers.o
 .text.prvSampleTimeNow
                0x08008da0       0x40 ./Middlewares/Third_Party/FreeRTOS/Source/timers.o
 .text.prvInsertTimerInActiveList
                0x08008de0       0x84 ./Middlewares/Third_Party/FreeRTOS/Source/timers.o
 .text.prvProcessReceivedCommands
                0x08008e64      0x1cc ./Middlewares/Third_Party/FreeRTOS/Source/timers.o
 .text.prvSwitchTimerLists
                0x08009030       0xcc ./Middlewares/Third_Party/FreeRTOS/Source/timers.o
 .text.prvCheckForValidListAndQueue
                0x080090fc       0x80 ./Middlewares/Third_Party/FreeRTOS/Source/timers.o
 .text.pxPortInitialiseStack
                0x0800917c       0x58 ./Middlewares/Third_Party/FreeRTOS/Source/portable/GCC/ARM_CM3/port.o
                0x0800917c                pxPortInitialiseStack
 .text.prvTaskExitError
                0x080091d4       0x58 ./Middlewares/Third_Party/FreeRTOS/Source/portable/GCC/ARM_CM3/port.o
 *fill*         0x0800922c        0x4 
 .text.SVC_Handler
                0x08009230       0x28 ./Middlewares/Third_Party/FreeRTOS/Source/portable/GCC/ARM_CM3/port.o
                0x08009230                SVC_Handler
 .text.prvPortStartFirstTask
                0x08009258       0x20 ./Middlewares/Third_Party/FreeRTOS/Source/portable/GCC/ARM_CM3/port.o
 .text.xPortStartScheduler
                0x08009278       0xe4 ./Middlewares/Third_Party/FreeRTOS/Source/portable/GCC/ARM_CM3/port.o
                0x08009278                xPortStartScheduler
 .text.vPortEnterCritical
                0x0800935c       0x60 ./Middlewares/Third_Party/FreeRTOS/Source/portable/GCC/ARM_CM3/port.o
                0x0800935c                vPortEnterCritical
 .text.vPortExitCritical
                0x080093bc       0x54 ./Middlewares/Third_Party/FreeRTOS/Source/portable/GCC/ARM_CM3/port.o
                0x080093bc                vPortExitCritical
 .text.PendSV_Handler
                0x08009410       0x48 ./Middlewares/Third_Party/FreeRTOS/Source/portable/GCC/ARM_CM3/port.o
                0x08009410                PendSV_Handler
 .text.xPortSysTickHandler
                0x08009458       0x44 ./Middlewares/Third_Party/FreeRTOS/Source/portable/GCC/ARM_CM3/port.o
                0x08009458                xPortSysTickHandler
 .text.vPortSetupTimerInterrupt
                0x0800949c       0x44 ./Middlewares/Third_Party/FreeRTOS/Source/portable/GCC/ARM_CM3/port.o
                0x0800949c                vPortSetupTimerInterrupt
 .text.vPortValidateInterruptPriority
                0x080094e0       0x80 ./Middlewares/Third_Party/FreeRTOS/Source/portable/GCC/ARM_CM3/port.o
                0x080094e0                vPortValidateInterruptPriority
 .text.pvPortMalloc
                0x08009560      0x19c ./Middlewares/Third_Party/FreeRTOS/Source/portable/MemMang/heap_4.o
                0x08009560                pvPortMalloc
 .text.vPortFree
                0x080096fc       0xc8 ./Middlewares/Third_Party/FreeRTOS/Source/portable/MemMang/heap_4.o
                0x080096fc                vPortFree
 .text.prvHeapInit
                0x080097c4       0xc4 ./Middlewares/Third_Party/FreeRTOS/Source/portable/MemMang/heap_4.o
 .text.prvInsertBlockIntoFreeList
                0x08009888       0xb0 ./Middlewares/Third_Party/FreeRTOS/Source/portable/MemMang/heap_4.o
 .text.ADC_Init
                0x08009938       0x1c ./Peripheral/Src/ADC.o
                0x08009938                ADC_Init
 .text.ADC_Read
                0x08009954       0xd0 ./Peripheral/Src/ADC.o
                0x08009954                ADC_Read
 .text.ADS1115_Init
                0x08009a24       0xe4 ./Peripheral/Src/ADS1115.o
                0x08009a24                ADS1115_Init
 .text.ADS1115_ReadSingleEnded
                0x08009b08      0x134 ./Peripheral/Src/ADS1115.o
                0x08009b08                ADS1115_ReadSingleEnded
 .text.DS1307_Init
                0x08009c3c       0x20 ./Peripheral/Src/DS1307.o
                0x08009c3c                DS1307_Init
 .text.DS1307_SetClockHalt
                0x08009c5c       0x42 ./Peripheral/Src/DS1307.o
                0x08009c5c                DS1307_SetClockHalt
 *fill*         0x08009c9e        0x2 
 .text.DS1307_SetRegByte
                0x08009ca0       0x3c ./Peripheral/Src/DS1307.o
                0x08009ca0                DS1307_SetRegByte
 .text.DS1307_GetRegByte
                0x08009cdc       0x44 ./Peripheral/Src/DS1307.o
                0x08009cdc                DS1307_GetRegByte
 .text.DS1307_GetDate
                0x08009d20       0x18 ./Peripheral/Src/DS1307.o
                0x08009d20                DS1307_GetDate
 .text.DS1307_GetMonth
                0x08009d38       0x18 ./Peripheral/Src/DS1307.o
                0x08009d38                DS1307_GetMonth
 .text.DS1307_GetYear
                0x08009d50       0x42 ./Peripheral/Src/DS1307.o
                0x08009d50                DS1307_GetYear
 .text.DS1307_GetHour
                0x08009d92       0x1e ./Peripheral/Src/DS1307.o
                0x08009d92                DS1307_GetHour
 .text.DS1307_GetMinute
                0x08009db0       0x18 ./Peripheral/Src/DS1307.o
                0x08009db0                DS1307_GetMinute
 .text.DS1307_GetSecond
                0x08009dc8       0x1e ./Peripheral/Src/DS1307.o
                0x08009dc8                DS1307_GetSecond
 .text.DS1307_DecodeBCD
                0x08009de6       0x30 ./Peripheral/Src/DS1307.o
                0x08009de6                DS1307_DecodeBCD
 .text.DateTime_Compare
                0x08009e16       0xee ./Peripheral/Src/DS1307.o
                0x08009e16                DateTime_Compare
 .text.DS1307_ReadDateTime
                0x08009f04       0x70 ./Peripheral/Src/DS1307.o
                0x08009f04                DS1307_ReadDateTime
 .text.INA219_ReadRegister
                0x08009f74       0x7a ./Peripheral/Src/INA219.o
 *fill*         0x08009fee        0x2 
 .text.INA219_ReadBusVoltage
                0x08009ff0       0x5c ./Peripheral/Src/INA219.o
                0x08009ff0                INA219_ReadBusVoltage
 .text.INA219_ReadCurrent
                0x0800a04c       0x54 ./Peripheral/Src/INA219.o
                0x0800a04c                INA219_ReadCurrent
 .text.lcd_init
                0x0800a0a0       0x98 ./Peripheral/Src/LCD2004.o
                0x0800a0a0                lcd_init
 .text.lcd_clear
                0x0800a138       0x14 ./Peripheral/Src/LCD2004.o
                0x0800a138                lcd_clear
 .text.lcd_setCursor
                0x0800a14c       0x4c ./Peripheral/Src/LCD2004.o
                0x0800a14c                lcd_setCursor
 .text.lcd_print
                0x0800a198       0x42 ./Peripheral/Src/LCD2004.o
                0x0800a198                lcd_print
 *fill*         0x0800a1da        0x2 
 .text.lcd_display
                0x0800a1dc       0x2c ./Peripheral/Src/LCD2004.o
                0x0800a1dc                lcd_display
 .text.lcd_send
                0x0800a208       0x42 ./Peripheral/Src/LCD2004.o
 *fill*         0x0800a24a        0x2 
 .text.lcd_write4bits
                0x0800a24c       0x28 ./Peripheral/Src/LCD2004.o
 .text.lcd_pulseEnable
                0x0800a274       0x84 ./Peripheral/Src/LCD2004.o
 .text.lcd_command
                0x0800a2f8       0x1c ./Peripheral/Src/LCD2004.o
 .text.lcd_printString
                0x0800a314       0x2c ./Peripheral/Src/LCD2004.o
 .text.lcd_writeCustom
                0x0800a340       0x1c ./Peripheral/Src/LCD2004.o
                0x0800a340                lcd_writeCustom
 .text.lcd_createChar
                0x0800a35c       0x56 ./Peripheral/Src/LCD2004.o
                0x0800a35c                lcd_createChar
 *fill*         0x0800a3b2        0x2 
 .text.Pzem_ReadVoltage
                0x0800a3b4       0x94 ./Peripheral/Src/Pzem004T.o
                0x0800a3b4                Pzem_ReadVoltage
 .text.Pzem_ReadCurrent
                0x0800a448       0x94 ./Peripheral/Src/Pzem004T.o
                0x0800a448                Pzem_ReadCurrent
 .text.atoi     0x0800a4dc        0x8 D:/STM32CubeIdeSetUp/STM32CubeIDE_1.19.0/STM32CubeIDE/plugins/com.st.stm32cube.ide.mcu.externaltools.gnu-tools-for-stm32.13.3.rel1.win32_1.0.0.202411081344/tools/bin/../lib/gcc/arm-none-eabi/13.3.1/../../../../arm-none-eabi/lib/thumb/v7-m/nofp\libc_nano.a(libc_a-atoi.o)
                0x0800a4dc                atoi
 .text._strtol_l.isra.0
                0x0800a4e4       0xf4 D:/STM32CubeIdeSetUp/STM32CubeIDE_1.19.0/STM32CubeIDE/plugins/com.st.stm32cube.ide.mcu.externaltools.gnu-tools-for-stm32.13.3.rel1.win32_1.0.0.202411081344/tools/bin/../lib/gcc/arm-none-eabi/13.3.1/../../../../arm-none-eabi/lib/thumb/v7-m/nofp\libc_nano.a(libc_a-strtol.o)
 .text.strtol   0x0800a5d8       0x14 D:/STM32CubeIdeSetUp/STM32CubeIDE_1.19.0/STM32CubeIDE/plugins/com.st.stm32cube.ide.mcu.externaltools.gnu-tools-for-stm32.13.3.rel1.win32_1.0.0.202411081344/tools/bin/../lib/gcc/arm-none-eabi/13.3.1/../../../../arm-none-eabi/lib/thumb/v7-m/nofp\libc_nano.a(libc_a-strtol.o)
                0x0800a5d8                strtol
 .text.__cvt    0x0800a5ec       0xc8 D:/STM32CubeIdeSetUp/STM32CubeIDE_1.19.0/STM32CubeIDE/plugins/com.st.stm32cube.ide.mcu.externaltools.gnu-tools-for-stm32.13.3.rel1.win32_1.0.0.202411081344/tools/bin/../lib/gcc/arm-none-eabi/13.3.1/../../../../arm-none-eabi/lib/thumb/v7-m/nofp\libc_nano.a(libc_a-nano-vfprintf_float.o)
                0x0800a5ec                __cvt
 .text.__exponent
                0x0800a6b4       0x74 D:/STM32CubeIdeSetUp/STM32CubeIDE_1.19.0/STM32CubeIDE/plugins/com.st.stm32cube.ide.mcu.externaltools.gnu-tools-for-stm32.13.3.rel1.win32_1.0.0.202411081344/tools/bin/../lib/gcc/arm-none-eabi/13.3.1/../../../../arm-none-eabi/lib/thumb/v7-m/nofp\libc_nano.a(libc_a-nano-vfprintf_float.o)
                0x0800a6b4                __exponent
 .text._printf_float
                0x0800a728      0x458 D:/STM32CubeIdeSetUp/STM32CubeIDE_1.19.0/STM32CubeIDE/plugins/com.st.stm32cube.ide.mcu.externaltools.gnu-tools-for-stm32.13.3.rel1.win32_1.0.0.202411081344/tools/bin/../lib/gcc/arm-none-eabi/13.3.1/../../../../arm-none-eabi/lib/thumb/v7-m/nofp\libc_nano.a(libc_a-nano-vfprintf_float.o)
                0x0800a728                _printf_float
 .text._printf_common
                0x0800ab80       0xe4 D:/STM32CubeIdeSetUp/STM32CubeIDE_1.19.0/STM32CubeIDE/plugins/com.st.stm32cube.ide.mcu.externaltools.gnu-tools-for-stm32.13.3.rel1.win32_1.0.0.202411081344/tools/bin/../lib/gcc/arm-none-eabi/13.3.1/../../../../arm-none-eabi/lib/thumb/v7-m/nofp\libc_nano.a(libc_a-nano-vfprintf_i.o)
                0x0800ab80                _printf_common
 .text._printf_i
                0x0800ac64      0x23c D:/STM32CubeIdeSetUp/STM32CubeIDE_1.19.0/STM32CubeIDE/plugins/com.st.stm32cube.ide.mcu.externaltools.gnu-tools-for-stm32.13.3.rel1.win32_1.0.0.202411081344/tools/bin/../lib/gcc/arm-none-eabi/13.3.1/../../../../arm-none-eabi/lib/thumb/v7-m/nofp\libc_nano.a(libc_a-nano-vfprintf_i.o)
                0x0800ac64                _printf_i
 .text.std      0x0800aea0       0x6c D:/STM32CubeIdeSetUp/STM32CubeIDE_1.19.0/STM32CubeIDE/plugins/com.st.stm32cube.ide.mcu.externaltools.gnu-tools-for-stm32.13.3.rel1.win32_1.0.0.202411081344/tools/bin/../lib/gcc/arm-none-eabi/13.3.1/../../../../arm-none-eabi/lib/thumb/v7-m/nofp\libc_nano.a(libc_a-findfp.o)
 .text.stdio_exit_handler
                0x0800af0c       0x18 D:/STM32CubeIdeSetUp/STM32CubeIDE_1.19.0/STM32CubeIDE/plugins/com.st.stm32cube.ide.mcu.externaltools.gnu-tools-for-stm32.13.3.rel1.win32_1.0.0.202411081344/tools/bin/../lib/gcc/arm-none-eabi/13.3.1/../../../../arm-none-eabi/lib/thumb/v7-m/nofp\libc_nano.a(libc_a-findfp.o)
 .text.cleanup_stdio
                0x0800af24       0x40 D:/STM32CubeIdeSetUp/STM32CubeIDE_1.19.0/STM32CubeIDE/plugins/com.st.stm32cube.ide.mcu.externaltools.gnu-tools-for-stm32.13.3.rel1.win32_1.0.0.202411081344/tools/bin/../lib/gcc/arm-none-eabi/13.3.1/../../../../arm-none-eabi/lib/thumb/v7-m/nofp\libc_nano.a(libc_a-findfp.o)
 .text.global_stdio_init.part.0
                0x0800af64       0x3c D:/STM32CubeIdeSetUp/STM32CubeIDE_1.19.0/STM32CubeIDE/plugins/com.st.stm32cube.ide.mcu.externaltools.gnu-tools-for-stm32.13.3.rel1.win32_1.0.0.202411081344/tools/bin/../lib/gcc/arm-none-eabi/13.3.1/../../../../arm-none-eabi/lib/thumb/v7-m/nofp\libc_nano.a(libc_a-findfp.o)
 .text.__sfp_lock_acquire
                0x0800afa0        0xc D:/STM32CubeIdeSetUp/STM32CubeIDE_1.19.0/STM32CubeIDE/plugins/com.st.stm32cube.ide.mcu.externaltools.gnu-tools-for-stm32.13.3.rel1.win32_1.0.0.202411081344/tools/bin/../lib/gcc/arm-none-eabi/13.3.1/../../../../arm-none-eabi/lib/thumb/v7-m/nofp\libc_nano.a(libc_a-findfp.o)
                0x0800afa0                __sfp_lock_acquire
 .text.__sfp_lock_release
                0x0800afac        0xc D:/STM32CubeIdeSetUp/STM32CubeIDE_1.19.0/STM32CubeIDE/plugins/com.st.stm32cube.ide.mcu.externaltools.gnu-tools-for-stm32.13.3.rel1.win32_1.0.0.202411081344/tools/bin/../lib/gcc/arm-none-eabi/13.3.1/../../../../arm-none-eabi/lib/thumb/v7-m/nofp\libc_nano.a(libc_a-findfp.o)
                0x0800afac                __sfp_lock_release
 .text.__sinit  0x0800afb8       0x30 D:/STM32CubeIdeSetUp/STM32CubeIDE_1.19.0/STM32CubeIDE/plugins/com.st.stm32cube.ide.mcu.externaltools.gnu-tools-for-stm32.13.3.rel1.win32_1.0.0.202411081344/tools/bin/../lib/gcc/arm-none-eabi/13.3.1/../../../../arm-none-eabi/lib/thumb/v7-m/nofp\libc_nano.a(libc_a-findfp.o)
                0x0800afb8                __sinit
 .text._fwalk_sglue
                0x0800afe8       0x3c D:/STM32CubeIdeSetUp/STM32CubeIDE_1.19.0/STM32CubeIDE/plugins/com.st.stm32cube.ide.mcu.externaltools.gnu-tools-for-stm32.13.3.rel1.win32_1.0.0.202411081344/tools/bin/../lib/gcc/arm-none-eabi/13.3.1/../../../../arm-none-eabi/lib/thumb/v7-m/nofp\libc_nano.a(libc_a-fwalk.o)
                0x0800afe8                _fwalk_sglue
 .text.snprintf
                0x0800b024       0x6c D:/STM32CubeIdeSetUp/STM32CubeIDE_1.19.0/STM32CubeIDE/plugins/com.st.stm32cube.ide.mcu.externaltools.gnu-tools-for-stm32.13.3.rel1.win32_1.0.0.202411081344/tools/bin/../lib/gcc/arm-none-eabi/13.3.1/../../../../arm-none-eabi/lib/thumb/v7-m/nofp\libc_nano.a(libc_a-snprintf.o)
                0x0800b024                sniprintf
                0x0800b024                snprintf
 .text.__sread  0x0800b090       0x22 D:/STM32CubeIdeSetUp/STM32CubeIDE_1.19.0/STM32CubeIDE/plugins/com.st.stm32cube.ide.mcu.externaltools.gnu-tools-for-stm32.13.3.rel1.win32_1.0.0.202411081344/tools/bin/../lib/gcc/arm-none-eabi/13.3.1/../../../../arm-none-eabi/lib/thumb/v7-m/nofp\libc_nano.a(libc_a-stdio.o)
                0x0800b090                __sread
 .text.__swrite
                0x0800b0b2       0x38 D:/STM32CubeIdeSetUp/STM32CubeIDE_1.19.0/STM32CubeIDE/plugins/com.st.stm32cube.ide.mcu.externaltools.gnu-tools-for-stm32.13.3.rel1.win32_1.0.0.202411081344/tools/bin/../lib/gcc/arm-none-eabi/13.3.1/../../../../arm-none-eabi/lib/thumb/v7-m/nofp\libc_nano.a(libc_a-stdio.o)
                0x0800b0b2                __swrite
 .text.__sseek  0x0800b0ea       0x24 D:/STM32CubeIdeSetUp/STM32CubeIDE_1.19.0/STM32CubeIDE/plugins/com.st.stm32cube.ide.mcu.externaltools.gnu-tools-for-stm32.13.3.rel1.win32_1.0.0.202411081344/tools/bin/../lib/gcc/arm-none-eabi/13.3.1/../../../../arm-none-eabi/lib/thumb/v7-m/nofp\libc_nano.a(libc_a-stdio.o)
                0x0800b0ea                __sseek
 .text.__sclose
                0x0800b10e        0x8 D:/STM32CubeIdeSetUp/STM32CubeIDE_1.19.0/STM32CubeIDE/plugins/com.st.stm32cube.ide.mcu.externaltools.gnu-tools-for-stm32.13.3.rel1.win32_1.0.0.202411081344/tools/bin/../lib/gcc/arm-none-eabi/13.3.1/../../../../arm-none-eabi/lib/thumb/v7-m/nofp\libc_nano.a(libc_a-stdio.o)
                0x0800b10e                __sclose
 .text._vsnprintf_r
                0x0800b116       0x5c D:/STM32CubeIdeSetUp/STM32CubeIDE_1.19.0/STM32CubeIDE/plugins/com.st.stm32cube.ide.mcu.externaltools.gnu-tools-for-stm32.13.3.rel1.win32_1.0.0.202411081344/tools/bin/../lib/gcc/arm-none-eabi/13.3.1/../../../../arm-none-eabi/lib/thumb/v7-m/nofp\libc_nano.a(libc_a-vsnprintf.o)
                0x0800b116                _vsniprintf_r
                0x0800b116                _vsnprintf_r
 *fill*         0x0800b172        0x2 
 .text.vsnprintf
                0x0800b174       0x1c D:/STM32CubeIdeSetUp/STM32CubeIDE_1.19.0/STM32CubeIDE/plugins/com.st.stm32cube.ide.mcu.externaltools.gnu-tools-for-stm32.13.3.rel1.win32_1.0.0.202411081344/tools/bin/../lib/gcc/arm-none-eabi/13.3.1/../../../../arm-none-eabi/lib/thumb/v7-m/nofp\libc_nano.a(libc_a-vsnprintf.o)
                0x0800b174                vsniprintf
                0x0800b174                vsnprintf
 .text.memset   0x0800b190       0x10 D:/STM32CubeIdeSetUp/STM32CubeIDE_1.19.0/STM32CubeIDE/plugins/com.st.stm32cube.ide.mcu.externaltools.gnu-tools-for-stm32.13.3.rel1.win32_1.0.0.202411081344/tools/bin/../lib/gcc/arm-none-eabi/13.3.1/../../../../arm-none-eabi/lib/thumb/v7-m/nofp\libc_nano.a(libc_a-memset.o)
                0x0800b190                memset
 .text._localeconv_r
                0x0800b1a0        0x8 D:/STM32CubeIdeSetUp/STM32CubeIDE_1.19.0/STM32CubeIDE/plugins/com.st.stm32cube.ide.mcu.externaltools.gnu-tools-for-stm32.13.3.rel1.win32_1.0.0.202411081344/tools/bin/../lib/gcc/arm-none-eabi/13.3.1/../../../../arm-none-eabi/lib/thumb/v7-m/nofp\libc_nano.a(libc_a-localeconv.o)
                0x0800b1a0                _localeconv_r
 .text._close_r
                0x0800b1a8       0x20 D:/STM32CubeIdeSetUp/STM32CubeIDE_1.19.0/STM32CubeIDE/plugins/com.st.stm32cube.ide.mcu.externaltools.gnu-tools-for-stm32.13.3.rel1.win32_1.0.0.202411081344/tools/bin/../lib/gcc/arm-none-eabi/13.3.1/../../../../arm-none-eabi/lib/thumb/v7-m/nofp\libc_nano.a(libc_a-closer.o)
                0x0800b1a8                _close_r
 .text._lseek_r
                0x0800b1c8       0x24 D:/STM32CubeIdeSetUp/STM32CubeIDE_1.19.0/STM32CubeIDE/plugins/com.st.stm32cube.ide.mcu.externaltools.gnu-tools-for-stm32.13.3.rel1.win32_1.0.0.202411081344/tools/bin/../lib/gcc/arm-none-eabi/13.3.1/../../../../arm-none-eabi/lib/thumb/v7-m/nofp\libc_nano.a(libc_a-lseekr.o)
                0x0800b1c8                _lseek_r
 .text._read_r  0x0800b1ec       0x24 D:/STM32CubeIdeSetUp/STM32CubeIDE_1.19.0/STM32CubeIDE/plugins/com.st.stm32cube.ide.mcu.externaltools.gnu-tools-for-stm32.13.3.rel1.win32_1.0.0.202411081344/tools/bin/../lib/gcc/arm-none-eabi/13.3.1/../../../../arm-none-eabi/lib/thumb/v7-m/nofp\libc_nano.a(libc_a-readr.o)
                0x0800b1ec                _read_r
 .text._write_r
                0x0800b210       0x24 D:/STM32CubeIdeSetUp/STM32CubeIDE_1.19.0/STM32CubeIDE/plugins/com.st.stm32cube.ide.mcu.externaltools.gnu-tools-for-stm32.13.3.rel1.win32_1.0.0.202411081344/tools/bin/../lib/gcc/arm-none-eabi/13.3.1/../../../../arm-none-eabi/lib/thumb/v7-m/nofp\libc_nano.a(libc_a-writer.o)
                0x0800b210                _write_r
 .text.__errno  0x0800b234        0xc D:/STM32CubeIdeSetUp/STM32CubeIDE_1.19.0/STM32CubeIDE/plugins/com.st.stm32cube.ide.mcu.externaltools.gnu-tools-for-stm32.13.3.rel1.win32_1.0.0.202411081344/tools/bin/../lib/gcc/arm-none-eabi/13.3.1/../../../../arm-none-eabi/lib/thumb/v7-m/nofp\libc_nano.a(libc_a-errno.o)
                0x0800b234                __errno
 .text.__libc_init_array
                0x0800b240       0x48 D:/STM32CubeIdeSetUp/STM32CubeIDE_1.19.0/STM32CubeIDE/plugins/com.st.stm32cube.ide.mcu.externaltools.gnu-tools-for-stm32.13.3.rel1.win32_1.0.0.202411081344/tools/bin/../lib/gcc/arm-none-eabi/13.3.1/../../../../arm-none-eabi/lib/thumb/v7-m/nofp\libc_nano.a(libc_a-init.o)
                0x0800b240                __libc_init_array
 .text.__retarget_lock_init_recursive
                0x0800b288        0x2 D:/STM32CubeIdeSetUp/STM32CubeIDE_1.19.0/STM32CubeIDE/plugins/com.st.stm32cube.ide.mcu.externaltools.gnu-tools-for-stm32.13.3.rel1.win32_1.0.0.202411081344/tools/bin/../lib/gcc/arm-none-eabi/13.3.1/../../../../arm-none-eabi/lib/thumb/v7-m/nofp\libc_nano.a(libc_a-lock.o)
                0x0800b288                __retarget_lock_init_recursive
 .text.__retarget_lock_acquire_recursive
                0x0800b28a        0x2 D:/STM32CubeIdeSetUp/STM32CubeIDE_1.19.0/STM32CubeIDE/plugins/com.st.stm32cube.ide.mcu.externaltools.gnu-tools-for-stm32.13.3.rel1.win32_1.0.0.202411081344/tools/bin/../lib/gcc/arm-none-eabi/13.3.1/../../../../arm-none-eabi/lib/thumb/v7-m/nofp\libc_nano.a(libc_a-lock.o)
                0x0800b28a                __retarget_lock_acquire_recursive
 .text.__retarget_lock_release_recursive
                0x0800b28c        0x2 D:/STM32CubeIdeSetUp/STM32CubeIDE_1.19.0/STM32CubeIDE/plugins/com.st.stm32cube.ide.mcu.externaltools.gnu-tools-for-stm32.13.3.rel1.win32_1.0.0.202411081344/tools/bin/../lib/gcc/arm-none-eabi/13.3.1/../../../../arm-none-eabi/lib/thumb/v7-m/nofp\libc_nano.a(libc_a-lock.o)
                0x0800b28c                __retarget_lock_release_recursive
 .text.memchr   0x0800b28e       0x1c D:/STM32CubeIdeSetUp/STM32CubeIDE_1.19.0/STM32CubeIDE/plugins/com.st.stm32cube.ide.mcu.externaltools.gnu-tools-for-stm32.13.3.rel1.win32_1.0.0.202411081344/tools/bin/../lib/gcc/arm-none-eabi/13.3.1/../../../../arm-none-eabi/lib/thumb/v7-m/nofp\libc_nano.a(libc_a-memchr-stub.o)
                0x0800b28e                memchr
 .text.memcpy   0x0800b2aa       0x1c D:/STM32CubeIdeSetUp/STM32CubeIDE_1.19.0/STM32CubeIDE/plugins/com.st.stm32cube.ide.mcu.externaltools.gnu-tools-for-stm32.13.3.rel1.win32_1.0.0.202411081344/tools/bin/../lib/gcc/arm-none-eabi/13.3.1/../../../../arm-none-eabi/lib/thumb/v7-m/nofp\libc_nano.a(libc_a-memcpy-stub.o)
                0x0800b2aa                memcpy
 .text.quorem   0x0800b2c6      0x110 D:/STM32CubeIdeSetUp/STM32CubeIDE_1.19.0/STM32CubeIDE/plugins/com.st.stm32cube.ide.mcu.externaltools.gnu-tools-for-stm32.13.3.rel1.win32_1.0.0.202411081344/tools/bin/../lib/gcc/arm-none-eabi/13.3.1/../../../../arm-none-eabi/lib/thumb/v7-m/nofp\libc_nano.a(libc_a-dtoa.o)
 *fill*         0x0800b3d6        0x2 
 .text._dtoa_r  0x0800b3d8      0xba8 D:/STM32CubeIdeSetUp/STM32CubeIDE_1.19.0/STM32CubeIDE/plugins/com.st.stm32cube.ide.mcu.externaltools.gnu-tools-for-stm32.13.3.rel1.win32_1.0.0.202411081344/tools/bin/../lib/gcc/arm-none-eabi/13.3.1/../../../../arm-none-eabi/lib/thumb/v7-m/nofp\libc_nano.a(libc_a-dtoa.o)
                0x0800b3d8                _dtoa_r
 .text._free_r  0x0800bf80       0x90 D:/STM32CubeIdeSetUp/STM32CubeIDE_1.19.0/STM32CubeIDE/plugins/com.st.stm32cube.ide.mcu.externaltools.gnu-tools-for-stm32.13.3.rel1.win32_1.0.0.202411081344/tools/bin/../lib/gcc/arm-none-eabi/13.3.1/../../../../arm-none-eabi/lib/thumb/v7-m/nofp\libc_nano.a(libc_a-freer.o)
                0x0800bf80                _free_r
 .text.malloc   0x0800c010       0x10 D:/STM32CubeIdeSetUp/STM32CubeIDE_1.19.0/STM32CubeIDE/plugins/com.st.stm32cube.ide.mcu.externaltools.gnu-tools-for-stm32.13.3.rel1.win32_1.0.0.202411081344/tools/bin/../lib/gcc/arm-none-eabi/13.3.1/../../../../arm-none-eabi/lib/thumb/v7-m/nofp\libc_nano.a(libc_a-malloc.o)
                0x0800c010                malloc
 .text.sbrk_aligned
                0x0800c020       0x44 D:/STM32CubeIdeSetUp/STM32CubeIDE_1.19.0/STM32CubeIDE/plugins/com.st.stm32cube.ide.mcu.externaltools.gnu-tools-for-stm32.13.3.rel1.win32_1.0.0.202411081344/tools/bin/../lib/gcc/arm-none-eabi/13.3.1/../../../../arm-none-eabi/lib/thumb/v7-m/nofp\libc_nano.a(libc_a-mallocr.o)
 .text._malloc_r
                0x0800c064      0x100 D:/STM32CubeIdeSetUp/STM32CubeIDE_1.19.0/STM32CubeIDE/plugins/com.st.stm32cube.ide.mcu.externaltools.gnu-tools-for-stm32.13.3.rel1.win32_1.0.0.202411081344/tools/bin/../lib/gcc/arm-none-eabi/13.3.1/../../../../arm-none-eabi/lib/thumb/v7-m/nofp\libc_nano.a(libc_a-mallocr.o)
                0x0800c064                _malloc_r
 .text.__malloc_lock
                0x0800c164        0xc D:/STM32CubeIdeSetUp/STM32CubeIDE_1.19.0/STM32CubeIDE/plugins/com.st.stm32cube.ide.mcu.externaltools.gnu-tools-for-stm32.13.3.rel1.win32_1.0.0.202411081344/tools/bin/../lib/gcc/arm-none-eabi/13.3.1/../../../../arm-none-eabi/lib/thumb/v7-m/nofp\libc_nano.a(libc_a-mlock.o)
                0x0800c164                __malloc_lock
 .text.__malloc_unlock
                0x0800c170        0xc D:/STM32CubeIdeSetUp/STM32CubeIDE_1.19.0/STM32CubeIDE/plugins/com.st.stm32cube.ide.mcu.externaltools.gnu-tools-for-stm32.13.3.rel1.win32_1.0.0.202411081344/tools/bin/../lib/gcc/arm-none-eabi/13.3.1/../../../../arm-none-eabi/lib/thumb/v7-m/nofp\libc_nano.a(libc_a-mlock.o)
                0x0800c170                __malloc_unlock
 .text._Balloc  0x0800c17c       0x80 D:/STM32CubeIdeSetUp/STM32CubeIDE_1.19.0/STM32CubeIDE/plugins/com.st.stm32cube.ide.mcu.externaltools.gnu-tools-for-stm32.13.3.rel1.win32_1.0.0.202411081344/tools/bin/../lib/gcc/arm-none-eabi/13.3.1/../../../../arm-none-eabi/lib/thumb/v7-m/nofp\libc_nano.a(libc_a-mprec.o)
                0x0800c17c                _Balloc
 .text._Bfree   0x0800c1fc       0x44 D:/STM32CubeIdeSetUp/STM32CubeIDE_1.19.0/STM32CubeIDE/plugins/com.st.stm32cube.ide.mcu.externaltools.gnu-tools-for-stm32.13.3.rel1.win32_1.0.0.202411081344/tools/bin/../lib/gcc/arm-none-eabi/13.3.1/../../../../arm-none-eabi/lib/thumb/v7-m/nofp\libc_nano.a(libc_a-mprec.o)
                0x0800c1fc                _Bfree
 .text.__multadd
                0x0800c240       0x8c D:/STM32CubeIdeSetUp/STM32CubeIDE_1.19.0/STM32CubeIDE/plugins/com.st.stm32cube.ide.mcu.externaltools.gnu-tools-for-stm32.13.3.rel1.win32_1.0.0.202411081344/tools/bin/../lib/gcc/arm-none-eabi/13.3.1/../../../../arm-none-eabi/lib/thumb/v7-m/nofp\libc_nano.a(libc_a-mprec.o)
                0x0800c240                __multadd
 .text.__hi0bits
                0x0800c2cc       0x3e D:/STM32CubeIdeSetUp/STM32CubeIDE_1.19.0/STM32CubeIDE/plugins/com.st.stm32cube.ide.mcu.externaltools.gnu-tools-for-stm32.13.3.rel1.win32_1.0.0.202411081344/tools/bin/../lib/gcc/arm-none-eabi/13.3.1/../../../../arm-none-eabi/lib/thumb/v7-m/nofp\libc_nano.a(libc_a-mprec.o)
                0x0800c2cc                __hi0bits
 .text.__lo0bits
                0x0800c30a       0x5a D:/STM32CubeIdeSetUp/STM32CubeIDE_1.19.0/STM32CubeIDE/plugins/com.st.stm32cube.ide.mcu.externaltools.gnu-tools-for-stm32.13.3.rel1.win32_1.0.0.202411081344/tools/bin/../lib/gcc/arm-none-eabi/13.3.1/../../../../arm-none-eabi/lib/thumb/v7-m/nofp\libc_nano.a(libc_a-mprec.o)
                0x0800c30a                __lo0bits
 .text.__i2b    0x0800c364       0x2c D:/STM32CubeIdeSetUp/STM32CubeIDE_1.19.0/STM32CubeIDE/plugins/com.st.stm32cube.ide.mcu.externaltools.gnu-tools-for-stm32.13.3.rel1.win32_1.0.0.202411081344/tools/bin/../lib/gcc/arm-none-eabi/13.3.1/../../../../arm-none-eabi/lib/thumb/v7-m/nofp\libc_nano.a(libc_a-mprec.o)
                0x0800c364                __i2b
 .text.__multiply
                0x0800c390      0x144 D:/STM32CubeIdeSetUp/STM32CubeIDE_1.19.0/STM32CubeIDE/plugins/com.st.stm32cube.ide.mcu.externaltools.gnu-tools-for-stm32.13.3.rel1.win32_1.0.0.202411081344/tools/bin/../lib/gcc/arm-none-eabi/13.3.1/../../../../arm-none-eabi/lib/thumb/v7-m/nofp\libc_nano.a(libc_a-mprec.o)
                0x0800c390                __multiply
 .text.__pow5mult
                0x0800c4d4       0xb4 D:/STM32CubeIdeSetUp/STM32CubeIDE_1.19.0/STM32CubeIDE/plugins/com.st.stm32cube.ide.mcu.externaltools.gnu-tools-for-stm32.13.3.rel1.win32_1.0.0.202411081344/tools/bin/../lib/gcc/arm-none-eabi/13.3.1/../../../../arm-none-eabi/lib/thumb/v7-m/nofp\libc_nano.a(libc_a-mprec.o)
                0x0800c4d4                __pow5mult
 .text.__lshift
                0x0800c588       0xd8 D:/STM32CubeIdeSetUp/STM32CubeIDE_1.19.0/STM32CubeIDE/plugins/com.st.stm32cube.ide.mcu.externaltools.gnu-tools-for-stm32.13.3.rel1.win32_1.0.0.202411081344/tools/bin/../lib/gcc/arm-none-eabi/13.3.1/../../../../arm-none-eabi/lib/thumb/v7-m/nofp\libc_nano.a(libc_a-mprec.o)
                0x0800c588                __lshift
 .text.__mcmp   0x0800c660       0x36 D:/STM32CubeIdeSetUp/STM32CubeIDE_1.19.0/STM32CubeIDE/plugins/com.st.stm32cube.ide.mcu.externaltools.gnu-tools-for-stm32.13.3.rel1.win32_1.0.0.202411081344/tools/bin/../lib/gcc/arm-none-eabi/13.3.1/../../../../arm-none-eabi/lib/thumb/v7-m/nofp\libc_nano.a(libc_a-mprec.o)
                0x0800c660                __mcmp
 *fill*         0x0800c696        0x2 
 .text.__mdiff  0x0800c698      0x128 D:/STM32CubeIdeSetUp/STM32CubeIDE_1.19.0/STM32CubeIDE/plugins/com.st.stm32cube.ide.mcu.externaltools.gnu-tools-for-stm32.13.3.rel1.win32_1.0.0.202411081344/tools/bin/../lib/gcc/arm-none-eabi/13.3.1/../../../../arm-none-eabi/lib/thumb/v7-m/nofp\libc_nano.a(libc_a-mprec.o)
                0x0800c698                __mdiff
 .text.__d2b    0x0800c7c0       0xb0 D:/STM32CubeIdeSetUp/STM32CubeIDE_1.19.0/STM32CubeIDE/plugins/com.st.stm32cube.ide.mcu.externaltools.gnu-tools-for-stm32.13.3.rel1.win32_1.0.0.202411081344/tools/bin/../lib/gcc/arm-none-eabi/13.3.1/../../../../arm-none-eabi/lib/thumb/v7-m/nofp\libc_nano.a(libc_a-mprec.o)
                0x0800c7c0                __d2b
 .text.__ssputs_r
                0x0800c870       0xb6 D:/STM32CubeIdeSetUp/STM32CubeIDE_1.19.0/STM32CubeIDE/plugins/com.st.stm32cube.ide.mcu.externaltools.gnu-tools-for-stm32.13.3.rel1.win32_1.0.0.202411081344/tools/bin/../lib/gcc/arm-none-eabi/13.3.1/../../../../arm-none-eabi/lib/thumb/v7-m/nofp\libc_nano.a(libc_a-nano-svfprintf.o)
                0x0800c870                __ssputs_r
 *fill*         0x0800c926        0x2 
 .text._svfprintf_r
                0x0800c928      0x1f8 D:/STM32CubeIdeSetUp/STM32CubeIDE_1.19.0/STM32CubeIDE/plugins/com.st.stm32cube.ide.mcu.externaltools.gnu-tools-for-stm32.13.3.rel1.win32_1.0.0.202411081344/tools/bin/../lib/gcc/arm-none-eabi/13.3.1/../../../../arm-none-eabi/lib/thumb/v7-m/nofp\libc_nano.a(libc_a-nano-svfprintf.o)
                0x0800c928                _svfiprintf_r
                0x0800c928                _svfprintf_r
 .text.__sflush_r
                0x0800cb20      0x100 D:/STM32CubeIdeSetUp/STM32CubeIDE_1.19.0/STM32CubeIDE/plugins/com.st.stm32cube.ide.mcu.externaltools.gnu-tools-for-stm32.13.3.rel1.win32_1.0.0.202411081344/tools/bin/../lib/gcc/arm-none-eabi/13.3.1/../../../../arm-none-eabi/lib/thumb/v7-m/nofp\libc_nano.a(libc_a-fflush.o)
                0x0800cb20                __sflush_r
 .text._fflush_r
                0x0800cc20       0x50 D:/STM32CubeIdeSetUp/STM32CubeIDE_1.19.0/STM32CubeIDE/plugins/com.st.stm32cube.ide.mcu.externaltools.gnu-tools-for-stm32.13.3.rel1.win32_1.0.0.202411081344/tools/bin/../lib/gcc/arm-none-eabi/13.3.1/../../../../arm-none-eabi/lib/thumb/v7-m/nofp\libc_nano.a(libc_a-fflush.o)
                0x0800cc20                _fflush_r
 .text.memmove  0x0800cc70       0x34 D:/STM32CubeIdeSetUp/STM32CubeIDE_1.19.0/STM32CubeIDE/plugins/com.st.stm32cube.ide.mcu.externaltools.gnu-tools-for-stm32.13.3.rel1.win32_1.0.0.202411081344/tools/bin/../lib/gcc/arm-none-eabi/13.3.1/../../../../arm-none-eabi/lib/thumb/v7-m/nofp\libc_nano.a(libc_a-memmove.o)
                0x0800cc70                memmove
 .text._sbrk_r  0x0800cca4       0x20 D:/STM32CubeIdeSetUp/STM32CubeIDE_1.19.0/STM32CubeIDE/plugins/com.st.stm32cube.ide.mcu.externaltools.gnu-tools-for-stm32.13.3.rel1.win32_1.0.0.202411081344/tools/bin/../lib/gcc/arm-none-eabi/13.3.1/../../../../arm-none-eabi/lib/thumb/v7-m/nofp\libc_nano.a(libc_a-sbrkr.o)
                0x0800cca4                _sbrk_r
 .text.__assert_func
                0x0800ccc4       0x3c D:/STM32CubeIdeSetUp/STM32CubeIDE_1.19.0/STM32CubeIDE/plugins/com.st.stm32cube.ide.mcu.externaltools.gnu-tools-for-stm32.13.3.rel1.win32_1.0.0.202411081344/tools/bin/../lib/gcc/arm-none-eabi/13.3.1/../../../../arm-none-eabi/lib/thumb/v7-m/nofp\libc_nano.a(libc_a-assert.o)
                0x0800ccc4                __assert_func
 .text._calloc_r
                0x0800cd00       0x28 D:/STM32CubeIdeSetUp/STM32CubeIDE_1.19.0/STM32CubeIDE/plugins/com.st.stm32cube.ide.mcu.externaltools.gnu-tools-for-stm32.13.3.rel1.win32_1.0.0.202411081344/tools/bin/../lib/gcc/arm-none-eabi/13.3.1/../../../../arm-none-eabi/lib/thumb/v7-m/nofp\libc_nano.a(libc_a-callocr.o)
                0x0800cd00                _calloc_r
 .text.__ascii_mbtowc
                0x0800cd28       0x24 D:/STM32CubeIdeSetUp/STM32CubeIDE_1.19.0/STM32CubeIDE/plugins/com.st.stm32cube.ide.mcu.externaltools.gnu-tools-for-stm32.13.3.rel1.win32_1.0.0.202411081344/tools/bin/../lib/gcc/arm-none-eabi/13.3.1/../../../../arm-none-eabi/lib/thumb/v7-m/nofp\libc_nano.a(libc_a-mbtowc_r.o)
                0x0800cd28                __ascii_mbtowc
 .text._realloc_r
                0x0800cd4c       0x5c D:/STM32CubeIdeSetUp/STM32CubeIDE_1.19.0/STM32CubeIDE/plugins/com.st.stm32cube.ide.mcu.externaltools.gnu-tools-for-stm32.13.3.rel1.win32_1.0.0.202411081344/tools/bin/../lib/gcc/arm-none-eabi/13.3.1/../../../../arm-none-eabi/lib/thumb/v7-m/nofp\libc_nano.a(libc_a-reallocr.o)
                0x0800cd4c                _realloc_r
 .text.__ascii_wctomb
                0x0800cda8       0x1a D:/STM32CubeIdeSetUp/STM32CubeIDE_1.19.0/STM32CubeIDE/plugins/com.st.stm32cube.ide.mcu.externaltools.gnu-tools-for-stm32.13.3.rel1.win32_1.0.0.202411081344/tools/bin/../lib/gcc/arm-none-eabi/13.3.1/../../../../arm-none-eabi/lib/thumb/v7-m/nofp\libc_nano.a(libc_a-wctomb_r.o)
                0x0800cda8                __ascii_wctomb
 *fill*         0x0800cdc2        0x2 
 .text.fprintf  0x0800cdc4       0x24 D:/STM32CubeIdeSetUp/STM32CubeIDE_1.19.0/STM32CubeIDE/plugins/com.st.stm32cube.ide.mcu.externaltools.gnu-tools-for-stm32.13.3.rel1.win32_1.0.0.202411081344/tools/bin/../lib/gcc/arm-none-eabi/13.3.1/../../../../arm-none-eabi/lib/thumb/v7-m/nofp\libc_nano.a(libc_a-fprintf.o)
                0x0800cdc4                fiprintf
                0x0800cdc4                fprintf
 .text.abort    0x0800cde8        0xe D:/STM32CubeIdeSetUp/STM32CubeIDE_1.19.0/STM32CubeIDE/plugins/com.st.stm32cube.ide.mcu.externaltools.gnu-tools-for-stm32.13.3.rel1.win32_1.0.0.202411081344/tools/bin/../lib/gcc/arm-none-eabi/13.3.1/../../../../arm-none-eabi/lib/thumb/v7-m/nofp\libc_nano.a(libc_a-abort.o)
                0x0800cde8                abort
 .text._malloc_usable_size_r
                0x0800cdf6       0x10 D:/STM32CubeIdeSetUp/STM32CubeIDE_1.19.0/STM32CubeIDE/plugins/com.st.stm32cube.ide.mcu.externaltools.gnu-tools-for-stm32.13.3.rel1.win32_1.0.0.202411081344/tools/bin/../lib/gcc/arm-none-eabi/13.3.1/../../../../arm-none-eabi/lib/thumb/v7-m/nofp\libc_nano.a(libc_a-msizer.o)
                0x0800cdf6                _malloc_usable_size_r
 .text.__sfputc_r
                0x0800ce06       0x2a D:/STM32CubeIdeSetUp/STM32CubeIDE_1.19.0/STM32CubeIDE/plugins/com.st.stm32cube.ide.mcu.externaltools.gnu-tools-for-stm32.13.3.rel1.win32_1.0.0.202411081344/tools/bin/../lib/gcc/arm-none-eabi/13.3.1/../../../../arm-none-eabi/lib/thumb/v7-m/nofp\libc_nano.a(libc_a-nano-vfprintf.o)
 .text.__sfputs_r
                0x0800ce30       0x24 D:/STM32CubeIdeSetUp/STM32CubeIDE_1.19.0/STM32CubeIDE/plugins/com.st.stm32cube.ide.mcu.externaltools.gnu-tools-for-stm32.13.3.rel1.win32_1.0.0.202411081344/tools/bin/../lib/gcc/arm-none-eabi/13.3.1/../../../../arm-none-eabi/lib/thumb/v7-m/nofp\libc_nano.a(libc_a-nano-vfprintf.o)
                0x0800ce30                __sfputs_r
 .text._vfprintf_r
                0x0800ce54      0x230 D:/STM32CubeIdeSetUp/STM32CubeIDE_1.19.0/STM32CubeIDE/plugins/com.st.stm32cube.ide.mcu.externaltools.gnu-tools-for-stm32.13.3.rel1.win32_1.0.0.202411081344/tools/bin/../lib/gcc/arm-none-eabi/13.3.1/../../../../arm-none-eabi/lib/thumb/v7-m/nofp\libc_nano.a(libc_a-nano-vfprintf.o)
                0x0800ce54                _vfprintf_r
                0x0800ce54                _vfiprintf_r
 .text.__swbuf_r
                0x0800d084       0x7c D:/STM32CubeIdeSetUp/STM32CubeIDE_1.19.0/STM32CubeIDE/plugins/com.st.stm32cube.ide.mcu.externaltools.gnu-tools-for-stm32.13.3.rel1.win32_1.0.0.202411081344/tools/bin/../lib/gcc/arm-none-eabi/13.3.1/../../../../arm-none-eabi/lib/thumb/v7-m/nofp\libc_nano.a(libc_a-wbuf.o)
                0x0800d084                __swbuf_r
 .text.__swsetup_r
                0x0800d100       0xac D:/STM32CubeIdeSetUp/STM32CubeIDE_1.19.0/STM32CubeIDE/plugins/com.st.stm32cube.ide.mcu.externaltools.gnu-tools-for-stm32.13.3.rel1.win32_1.0.0.202411081344/tools/bin/../lib/gcc/arm-none-eabi/13.3.1/../../../../arm-none-eabi/lib/thumb/v7-m/nofp\libc_nano.a(libc_a-wsetup.o)
                0x0800d100                __swsetup_r
 .text._raise_r
                0x0800d1ac       0x50 D:/STM32CubeIdeSetUp/STM32CubeIDE_1.19.0/STM32CubeIDE/plugins/com.st.stm32cube.ide.mcu.externaltools.gnu-tools-for-stm32.13.3.rel1.win32_1.0.0.202411081344/tools/bin/../lib/gcc/arm-none-eabi/13.3.1/../../../../arm-none-eabi/lib/thumb/v7-m/nofp\libc_nano.a(libc_a-signal.o)
                0x0800d1ac                _raise_r
 .text.raise    0x0800d1fc       0x10 D:/STM32CubeIdeSetUp/STM32CubeIDE_1.19.0/STM32CubeIDE/plugins/com.st.stm32cube.ide.mcu.externaltools.gnu-tools-for-stm32.13.3.rel1.win32_1.0.0.202411081344/tools/bin/../lib/gcc/arm-none-eabi/13.3.1/../../../../arm-none-eabi/lib/thumb/v7-m/nofp\libc_nano.a(libc_a-signal.o)
                0x0800d1fc                raise
 .text._kill_r  0x0800d20c       0x24 D:/STM32CubeIdeSetUp/STM32CubeIDE_1.19.0/STM32CubeIDE/plugins/com.st.stm32cube.ide.mcu.externaltools.gnu-tools-for-stm32.13.3.rel1.win32_1.0.0.202411081344/tools/bin/../lib/gcc/arm-none-eabi/13.3.1/../../../../arm-none-eabi/lib/thumb/v7-m/nofp\libc_nano.a(libc_a-signalr.o)
                0x0800d20c                _kill_r
 .text._getpid_r
                0x0800d230        0x4 D:/STM32CubeIdeSetUp/STM32CubeIDE_1.19.0/STM32CubeIDE/plugins/com.st.stm32cube.ide.mcu.externaltools.gnu-tools-for-stm32.13.3.rel1.win32_1.0.0.202411081344/tools/bin/../lib/gcc/arm-none-eabi/13.3.1/../../../../arm-none-eabi/lib/thumb/v7-m/nofp\libc_nano.a(libc_a-signalr.o)
                0x0800d230                _getpid_r
 .text.__swhatbuf_r
                0x0800d234       0x4a D:/STM32CubeIdeSetUp/STM32CubeIDE_1.19.0/STM32CubeIDE/plugins/com.st.stm32cube.ide.mcu.externaltools.gnu-tools-for-stm32.13.3.rel1.win32_1.0.0.202411081344/tools/bin/../lib/gcc/arm-none-eabi/13.3.1/../../../../arm-none-eabi/lib/thumb/v7-m/nofp\libc_nano.a(libc_a-makebuf.o)
                0x0800d234                __swhatbuf_r
 .text.__smakebuf_r
                0x0800d27e       0x78 D:/STM32CubeIdeSetUp/STM32CubeIDE_1.19.0/STM32CubeIDE/plugins/com.st.stm32cube.ide.mcu.externaltools.gnu-tools-for-stm32.13.3.rel1.win32_1.0.0.202411081344/tools/bin/../lib/gcc/arm-none-eabi/13.3.1/../../../../arm-none-eabi/lib/thumb/v7-m/nofp\libc_nano.a(libc_a-makebuf.o)
                0x0800d27e                __smakebuf_r
 *fill*         0x0800d2f6        0x2 
 .text._fstat_r
                0x0800d2f8       0x24 D:/STM32CubeIdeSetUp/STM32CubeIDE_1.19.0/STM32CubeIDE/plugins/com.st.stm32cube.ide.mcu.externaltools.gnu-tools-for-stm32.13.3.rel1.win32_1.0.0.202411081344/tools/bin/../lib/gcc/arm-none-eabi/13.3.1/../../../../arm-none-eabi/lib/thumb/v7-m/nofp\libc_nano.a(libc_a-fstatr.o)
                0x0800d2f8                _fstat_r
 .text._isatty_r
                0x0800d31c       0x20 D:/STM32CubeIdeSetUp/STM32CubeIDE_1.19.0/STM32CubeIDE/plugins/com.st.stm32cube.ide.mcu.externaltools.gnu-tools-for-stm32.13.3.rel1.win32_1.0.0.202411081344/tools/bin/../lib/gcc/arm-none-eabi/13.3.1/../../../../arm-none-eabi/lib/thumb/v7-m/nofp\libc_nano.a(libc_a-isattyr.o)
                0x0800d31c                _isatty_r
 .text.lroundf  0x0800d33c       0x58 D:/STM32CubeIdeSetUp/STM32CubeIDE_1.19.0/STM32CubeIDE/plugins/com.st.stm32cube.ide.mcu.externaltools.gnu-tools-for-stm32.13.3.rel1.win32_1.0.0.202411081344/tools/bin/../lib/gcc/arm-none-eabi/13.3.1/../../../../arm-none-eabi/lib/thumb/v7-m/nofp\libm.a(libm_a-sf_lround.o)
                0x0800d33c                lroundf
 *(.glue_7)
 .glue_7        0x0800d394        0x0 linker stubs
 *(.glue_7t)
 .glue_7t       0x0800d394        0x0 linker stubs
 *(.eh_frame)
 .eh_frame      0x0800d394        0x0 D:/STM32CubeIdeSetUp/STM32CubeIDE_1.19.0/STM32CubeIDE/plugins/com.st.stm32cube.ide.mcu.externaltools.gnu-tools-for-stm32.13.3.rel1.win32_1.0.0.202411081344/tools/bin/../lib/gcc/arm-none-eabi/13.3.1/thumb/v7-m/nofp/crtbegin.o
 *(.init)
 .init          0x0800d394        0x4 D:/STM32CubeIdeSetUp/STM32CubeIDE_1.19.0/STM32CubeIDE/plugins/com.st.stm32cube.ide.mcu.externaltools.gnu-tools-for-stm32.13.3.rel1.win32_1.0.0.202411081344/tools/bin/../lib/gcc/arm-none-eabi/13.3.1/thumb/v7-m/nofp/crti.o
                0x0800d394                _init
 .init          0x0800d398        0x8 D:/STM32CubeIdeSetUp/STM32CubeIDE_1.19.0/STM32CubeIDE/plugins/com.st.stm32cube.ide.mcu.externaltools.gnu-tools-for-stm32.13.3.rel1.win32_1.0.0.202411081344/tools/bin/../lib/gcc/arm-none-eabi/13.3.1/thumb/v7-m/nofp/crtn.o
 *(.fini)
 .fini          0x0800d3a0        0x4 D:/STM32CubeIdeSetUp/STM32CubeIDE_1.19.0/STM32CubeIDE/plugins/com.st.stm32cube.ide.mcu.externaltools.gnu-tools-for-stm32.13.3.rel1.win32_1.0.0.202411081344/tools/bin/../lib/gcc/arm-none-eabi/13.3.1/thumb/v7-m/nofp/crti.o
                0x0800d3a0                _fini
 .fini          0x0800d3a4        0x8 D:/STM32CubeIdeSetUp/STM32CubeIDE_1.19.0/STM32CubeIDE/plugins/com.st.stm32cube.ide.mcu.externaltools.gnu-tools-for-stm32.13.3.rel1.win32_1.0.0.202411081344/tools/bin/../lib/gcc/arm-none-eabi/13.3.1/thumb/v7-m/nofp/crtn.o
                0x0800d3ac                        . = ALIGN (0x4)
                0x0800d3ac                        _etext = .

.vfp11_veneer   0x0800d3ac        0x0
 .vfp11_veneer  0x0800d3ac        0x0 linker stubs

.v4_bx          0x0800d3ac        0x0
 .v4_bx         0x0800d3ac        0x0 linker stubs

.iplt           0x0800d3ac        0x0
 .iplt          0x0800d3ac        0x0 D:/STM32CubeIdeSetUp/STM32CubeIDE_1.19.0/STM32CubeIDE/plugins/com.st.stm32cube.ide.mcu.externaltools.gnu-tools-for-stm32.13.3.rel1.win32_1.0.0.202411081344/tools/bin/../lib/gcc/arm-none-eabi/13.3.1/thumb/v7-m/nofp/crtbegin.o

.rodata         0x0800d3b0      0x690
                0x0800d3b0                        . = ALIGN (0x4)
 *(.rodata)
 .rodata        0x0800d3b0       0x1c ./Core/Src/main.o
 .rodata        0x0800d3cc      0x235 ./Display/Scr/Display.o
 *fill*         0x0800d601        0x3 
 .rodata        0x0800d604        0x5 ./Middlewares/Third_Party/FreeRTOS/Source/tasks.o
 *fill*         0x0800d609        0x3 
 .rodata        0x0800d60c        0xd ./Middlewares/Third_Party/FreeRTOS/Source/timers.o
 *(.rodata*)
 *fill*         0x0800d619        0x3 
 .rodata.keymap
                0x0800d61c       0x10 ./Core/Src/main.o
 .rodata.ReadInputTask_attributes
                0x0800d62c       0x24 ./Core/Src/main.o
                0x0800d62c                ReadInputTask_attributes
 .rodata.Display_attributes
                0x0800d650       0x24 ./Core/Src/main.o
                0x0800d650                Display_attributes
 .rodata.d.1    0x0800d674        0xc ./Core/Src/main.o
 .rodata.AHBPrescTable
                0x0800d680       0x10 ./Core/Src/system_stm32f1xx.o
                0x0800d680                AHBPrescTable
 .rodata.APBPrescTable
                0x0800d690        0x8 ./Core/Src/system_stm32f1xx.o
                0x0800d690                APBPrescTable
 .rodata.aPLLMULFactorTable.1
                0x0800d698       0x10 ./Drivers/STM32F1xx_HAL_Driver/Src/stm32f1xx_hal_rcc.o
 .rodata.aPredivFactorTable.0
                0x0800d6a8        0x2 ./Drivers/STM32F1xx_HAL_Driver/Src/stm32f1xx_hal_rcc.o
 *fill*         0x0800d6aa        0x2 
 .rodata.aPLLMULFactorTable.1
                0x0800d6ac       0x10 ./Drivers/STM32F1xx_HAL_Driver/Src/stm32f1xx_hal_rcc_ex.o
 .rodata.aPredivFactorTable.0
                0x0800d6bc        0x2 ./Drivers/STM32F1xx_HAL_Driver/Src/stm32f1xx_hal_rcc_ex.o
 *fill*         0x0800d6be        0x2 
 .rodata.PZEM_CMD_VOLTAGE
                0x0800d6c0        0x8 ./Peripheral/Src/Pzem004T.o
                0x0800d6c0                PZEM_CMD_VOLTAGE
 .rodata.PZEM_CMD_CURRENT
                0x0800d6c8        0x8 ./Peripheral/Src/Pzem004T.o
                0x0800d6c8                PZEM_CMD_CURRENT
 .rodata._ctype_
                0x0800d6d0      0x101 D:/STM32CubeIdeSetUp/STM32CubeIDE_1.19.0/STM32CubeIDE/plugins/com.st.stm32cube.ide.mcu.externaltools.gnu-tools-for-stm32.13.3.rel1.win32_1.0.0.202411081344/tools/bin/../lib/gcc/arm-none-eabi/13.3.1/../../../../arm-none-eabi/lib/thumb/v7-m/nofp\libc_nano.a(libc_a-ctype_.o)
                0x0800d6d0                _ctype_
 .rodata._printf_float.str1.1
                0x0800d7d1      0x171 D:/STM32CubeIdeSetUp/STM32CubeIDE_1.19.0/STM32CubeIDE/plugins/com.st.stm32cube.ide.mcu.externaltools.gnu-tools-for-stm32.13.3.rel1.win32_1.0.0.202411081344/tools/bin/../lib/gcc/arm-none-eabi/13.3.1/../../../../arm-none-eabi/lib/thumb/v7-m/nofp\libc_nano.a(libc_a-nano-vfprintf_float.o)
                                 0x12 (size before relaxing)
 .rodata._printf_i.str1.1
                0x0800d942       0x22 D:/STM32CubeIdeSetUp/STM32CubeIDE_1.19.0/STM32CubeIDE/plugins/com.st.stm32cube.ide.mcu.externaltools.gnu-tools-for-stm32.13.3.rel1.win32_1.0.0.202411081344/tools/bin/../lib/gcc/arm-none-eabi/13.3.1/../../../../arm-none-eabi/lib/thumb/v7-m/nofp\libc_nano.a(libc_a-nano-vfprintf_i.o)
 .rodata._dtoa_r.str1.1
                0x0800d942       0x8f D:/STM32CubeIdeSetUp/STM32CubeIDE_1.19.0/STM32CubeIDE/plugins/com.st.stm32cube.ide.mcu.externaltools.gnu-tools-for-stm32.13.3.rel1.win32_1.0.0.202411081344/tools/bin/../lib/gcc/arm-none-eabi/13.3.1/../../../../arm-none-eabi/lib/thumb/v7-m/nofp\libc_nano.a(libc_a-dtoa.o)
 .rodata._Balloc.str1.1
                0x0800d942       0x70 D:/STM32CubeIdeSetUp/STM32CubeIDE_1.19.0/STM32CubeIDE/plugins/com.st.stm32cube.ide.mcu.externaltools.gnu-tools-for-stm32.13.3.rel1.win32_1.0.0.202411081344/tools/bin/../lib/gcc/arm-none-eabi/13.3.1/../../../../arm-none-eabi/lib/thumb/v7-m/nofp\libc_nano.a(libc_a-mprec.o)
 .rodata.__multadd.str1.1
                0x0800d942       0x11 D:/STM32CubeIdeSetUp/STM32CubeIDE_1.19.0/STM32CubeIDE/plugins/com.st.stm32cube.ide.mcu.externaltools.gnu-tools-for-stm32.13.3.rel1.win32_1.0.0.202411081344/tools/bin/../lib/gcc/arm-none-eabi/13.3.1/../../../../arm-none-eabi/lib/thumb/v7-m/nofp\libc_nano.a(libc_a-mprec.o)
 *fill*         0x0800d942        0x2 
 .rodata.p05.0  0x0800d944        0xc D:/STM32CubeIdeSetUp/STM32CubeIDE_1.19.0/STM32CubeIDE/plugins/com.st.stm32cube.ide.mcu.externaltools.gnu-tools-for-stm32.13.3.rel1.win32_1.0.0.202411081344/tools/bin/../lib/gcc/arm-none-eabi/13.3.1/../../../../arm-none-eabi/lib/thumb/v7-m/nofp\libc_nano.a(libc_a-mprec.o)
 .rodata.__mprec_bigtens
                0x0800d950       0x28 D:/STM32CubeIdeSetUp/STM32CubeIDE_1.19.0/STM32CubeIDE/plugins/com.st.stm32cube.ide.mcu.externaltools.gnu-tools-for-stm32.13.3.rel1.win32_1.0.0.202411081344/tools/bin/../lib/gcc/arm-none-eabi/13.3.1/../../../../arm-none-eabi/lib/thumb/v7-m/nofp\libc_nano.a(libc_a-mprec.o)
                0x0800d950                __mprec_bigtens
 .rodata.__mprec_tens
                0x0800d978       0xc8 D:/STM32CubeIdeSetUp/STM32CubeIDE_1.19.0/STM32CubeIDE/plugins/com.st.stm32cube.ide.mcu.externaltools.gnu-tools-for-stm32.13.3.rel1.win32_1.0.0.202411081344/tools/bin/../lib/gcc/arm-none-eabi/13.3.1/../../../../arm-none-eabi/lib/thumb/v7-m/nofp\libc_nano.a(libc_a-mprec.o)
                0x0800d978                __mprec_tens
 .rodata._svfprintf_r.str1.1
                0x0800da40       0x11 D:/STM32CubeIdeSetUp/STM32CubeIDE_1.19.0/STM32CubeIDE/plugins/com.st.stm32cube.ide.mcu.externaltools.gnu-tools-for-stm32.13.3.rel1.win32_1.0.0.202411081344/tools/bin/../lib/gcc/arm-none-eabi/13.3.1/../../../../arm-none-eabi/lib/thumb/v7-m/nofp\libc_nano.a(libc_a-nano-svfprintf.o)
 .rodata._setlocale_r.str1.1
                0x0800da40        0x9 D:/STM32CubeIdeSetUp/STM32CubeIDE_1.19.0/STM32CubeIDE/plugins/com.st.stm32cube.ide.mcu.externaltools.gnu-tools-for-stm32.13.3.rel1.win32_1.0.0.202411081344/tools/bin/../lib/gcc/arm-none-eabi/13.3.1/../../../../arm-none-eabi/lib/thumb/v7-m/nofp\libc_nano.a(libc_a-locale.o)
 .rodata.str1.1
                0x0800da40        0x2 D:/STM32CubeIdeSetUp/STM32CubeIDE_1.19.0/STM32CubeIDE/plugins/com.st.stm32cube.ide.mcu.externaltools.gnu-tools-for-stm32.13.3.rel1.win32_1.0.0.202411081344/tools/bin/../lib/gcc/arm-none-eabi/13.3.1/../../../../arm-none-eabi/lib/thumb/v7-m/nofp\libc_nano.a(libc_a-locale.o)
 .rodata.__assert_func.str1.1
                0x0800da40       0x3d D:/STM32CubeIdeSetUp/STM32CubeIDE_1.19.0/STM32CubeIDE/plugins/com.st.stm32cube.ide.mcu.externaltools.gnu-tools-for-stm32.13.3.rel1.win32_1.0.0.202411081344/tools/bin/../lib/gcc/arm-none-eabi/13.3.1/../../../../arm-none-eabi/lib/thumb/v7-m/nofp\libc_nano.a(libc_a-assert.o)
 .rodata._vfprintf_r.str1.1
                0x0800da40       0x11 D:/STM32CubeIdeSetUp/STM32CubeIDE_1.19.0/STM32CubeIDE/plugins/com.st.stm32cube.ide.mcu.externaltools.gnu-tools-for-stm32.13.3.rel1.win32_1.0.0.202411081344/tools/bin/../lib/gcc/arm-none-eabi/13.3.1/../../../../arm-none-eabi/lib/thumb/v7-m/nofp\libc_nano.a(libc_a-nano-vfprintf.o)
                0x0800da80                        . = ALIGN (0x4)

.ARM.extab      0x0800da40        0x0
                0x0800da40                        . = ALIGN (0x4)
 *(.ARM.extab* .gnu.linkonce.armextab.*)
                0x0800da40                        . = ALIGN (0x4)

.ARM            0x0800da40        0x8
                0x0800da40                        . = ALIGN (0x4)
                0x0800da40                        __exidx_start = .
 *(.ARM.exidx*)