../Core/Src/DS1307.c:17:6:DS1307_Init	16	static
../Core/Src/DS1307.c:26:6:DS1307_SetClockHalt	24	static
../Core/Src/DS1307.c:35:9:DS1307_GetClockHalt	8	static
../Core/Src/DS1307.c:44:6:DS1307_SetRegByte	32	static
../Core/Src/DS1307.c:54:9:DS1307_GetRegByte	32	static
../Core/Src/DS1307.c:65:6:DS1307_SetEnableSquareWave	24	static
../Core/Src/DS1307.c:75:6:DS1307_SetInterruptRate	24	static
../Core/Src/DS1307.c:85:9:DS1307_GetDayOfWeek	8	static
../Core/Src/DS1307.c:93:9:DS1307_GetDate	8	static
../Core/Src/DS1307.c:101:9:DS1307_GetMonth	8	static
../Core/Src/DS1307.c:109:10:DS1307_GetYear	16	static
../Core/Src/DS1307.c:118:9:DS1307_GetHour	8	static
../Core/Src/DS1307.c:126:9:DS1307_GetMinute	8	static
../Core/Src/DS1307.c:134:9:DS1307_GetSecond	8	static
../Core/Src/DS1307.c:143:8:DS1307_GetTimeZoneHour	8	static
../Core/Src/DS1307.c:152:9:DS1307_GetTimeZoneMin	8	static
../Core/Src/DS1307.c:160:6:DS1307_SetDayOfWeek	16	static
../Core/Src/DS1307.c:168:6:DS1307_SetDate	16	static
../Core/Src/DS1307.c:176:6:DS1307_SetMonth	16	static
../Core/Src/DS1307.c:184:6:DS1307_SetYear	16	static
../Core/Src/DS1307.c:193:6:DS1307_SetHour	16	static
../Core/Src/DS1307.c:201:6:DS1307_SetMinute	16	static
../Core/Src/DS1307.c:209:6:DS1307_SetSecond	24	static
../Core/Src/DS1307.c:220:6:DS1307_SetTimeZone	16	static
../Core/Src/DS1307.c:230:9:DS1307_DecodeBCD	16	static
../Core/Src/DS1307.c:239:9:DS1307_EncodeBCD	16	static
