../Core/Src/LCD2004.c:17:6:lcd_init	16	static
../Core/Src/LCD2004.c:42:6:lcd_clear	8	static
../Core/Src/LCD2004.c:48:6:lcd_home	8	static
../Core/Src/LCD2004.c:54:6:lcd_setCursor	24	static
../Core/Src/LCD2004.c:61:6:lcd_print	80	static
../Core/Src/LCD2004.c:73:6:lcd_display	8	static
../Core/Src/LCD2004.c:79:6:lcd_noDisplay	8	static
../Core/Src/LCD2004.c:85:6:lcd_backlight	16	static
../Core/Src/LCD2004.c:91:6:lcd_noBacklight	16	static
../Core/Src/LCD2004.c:98:13:lcd_send	24	static
../Core/Src/LCD2004.c:106:13:lcd_write4bits	24	static
../Core/Src/LCD2004.c:112:13:lcd_pulseEnable	32	static
../Core/Src/LCD2004.c:126:13:lcd_command	16	static
../Core/Src/LCD2004.c:131:13:lcd_printString	16	static
