../Core/Src/main.c:63:20:Keypad_ScanFast	5
../Core/Src/main.c:98:12:is_leap	4
../Core/Src/main.c:100:16:days_in_month	4
../Core/Src/main.c:109:13:DateTime_AddMinutes	9
../Core/Src/main.c:152:13:open_port	6
../Core/Src/main.c:180:13:close_port	6
../Core/Src/main.c:208:13:PortControl_OnSelectFromPage2	4
../Core/Src/main.c:220:13:PortControl_Service	6
../Core/Src/main.c:303:5:main	3
../Core/Src/main.c:400:6:SystemClock_Config	4
../Core/Src/main.c:446:13:MX_ADC1_Init	3
../Core/Src/main.c:493:13:MX_I2C1_Init	2
../Core/Src/main.c:527:13:MX_I2C2_Init	2
../Core/Src/main.c:561:13:MX_USART1_UART_Init	2
../Core/Src/main.c:594:13:MX_USART2_UART_Init	2
../Core/Src/main.c:627:13:MX_GPIO_Init	1
../Core/Src/main.c:691:6:HAL_GPIO_EXTI_Callback	1
../Core/Src/main.c:698:6:ReadSource	1
../Core/Src/main.c:709:6:DisplayTask	65
../Core/Src/main.c:964:6:Keypad_EXTI_Callback	4
../Core/Src/main.c:1016:6:HAL_TIM_PeriodElapsedCallback	2
../Core/Src/main.c:1034:6:Error_Handler	1
