../Core/Src/main.c:63:20:Keypad_ScanFast	24	static
../Core/Src/main.c:98:12:is_leap	16	static
../Core/Src/main.c:100:16:days_in_month	24	static
../Core/Src/main.c:109:13:DateTime_AddMinutes	48	static
../Core/Src/main.c:152:13:open_port	16	static
../Core/Src/main.c:180:13:close_port	16	static
../Core/Src/main.c:208:13:PortControl_OnSelectFromPage2	24	static
../Core/Src/main.c:220:13:PortControl_Service	16	static
../Core/Src/main.c:303:5:main	8	static
../Core/Src/main.c:400:6:SystemClock_Config	88	static
../Core/Src/main.c:446:13:MX_ADC1_Init	24	static
../Core/Src/main.c:493:13:MX_I2C1_Init	8	static
../Core/Src/main.c:527:13:MX_I2C2_Init	8	static
../Core/Src/main.c:561:13:MX_USART1_UART_Init	8	static
../Core/Src/main.c:594:13:MX_USART2_UART_Init	8	static
../Core/Src/main.c:627:13:MX_GPIO_Init	40	static
../Core/Src/main.c:691:6:HAL_GPIO_EXTI_Callback	16	static
../Core/Src/main.c:698:6:ReadSource	16	static
../Core/Src/main.c:709:6:DisplayTask	72	static
../Core/Src/main.c:964:6:Keypad_EXTI_Callback	32	static
../Core/Src/main.c:1016:6:HAL_TIM_PeriodElapsedCallback	16	static
../Core/Src/main.c:1034:6:Error_Handler	4	static,ignoring_inline_asm
