../Core/Src/main.c:77:6:HAL_ADC_ConvCpltCallback	16	static
../Core/Src/main.c:92:5:main	8	static
../Core/Src/main.c:160:6:SystemClock_Config	88	static
../Core/Src/main.c:206:13:MX_ADC1_Init	24	static
../Core/Src/main.c:253:13:MX_USART1_UART_Init	8	static
../Core/Src/main.c:286:13:MX_USART2_UART_Init	8	static
../Core/Src/main.c:319:13:MX_GPIO_Init	40	static
../Core/Src/main.c:386:6:JDY23wakeup	8	static
../Core/Src/main.c:390:6:JDY23sleep	8	static
../Core/Src/main.c:394:9:isBtPressed	8	static
../Core/Src/main.c:399:6:HAL_UART_RxCpltCallback	16	static
../Core/Src/main.c:411:6:Error_Handler	4	static,ignoring_inline_asm
